<?xml version="1.0" encoding="utf-8"?>
<TestRun id="4873e4fe-a57c-4ef1-88a6-9eb227b4075c" name="lincu@LINSTATION 2026-10-09 16:33:50" runUser="LINSTATION\lincu" xmlns="http://microsoft.com/schemas/VisualStudio/TeamTest/2010">
  <Times creation="2026-10-09T16:33:50.9030669+08:00" queuing="2026-10-09T16:33:50.9030674+08:00" start="2026-10-09T16:33:48.4226893+08:00" finish="2026-10-09T16:34:05.4438282+08:00" />
  <TestSettings name="default" id="15406bd5-efcc-4328-834a-621ec461af99">
    <Deployment runDeploymentRoot="lincu_LINSTATION_2026-10-09_16_33_50" />
  </TestSettings>
  <Results>
    <UnitTestResult executionId="1013085e-0244-4cde-9bc4-bc6258b099e4" testId="e395a1d6-45b3-cda8-e391-7952b81ca34c" testName="TinadecCore.Api.Tests.ConfigurationDocumentTests.MissingEstablishedFileCannotBeRegeneratedFromSqlAfterRestart" computerName="LINSTATION" duration="00:00:00.6479843" startTime="2026-10-09T16:33:57.9951209+08:00" endTime="2026-10-09T16:33:58.6434614+08:00" testType="13cdc9d9-ddb5-4fa4-a97d-d965ccfc6d4b" outcome="Passed" testListId="8c84fa94-04c1-424b-9868-57a2d4851a1d" relativeResultsDirectory="1013085e-0244-4cde-9bc4-bc6258b099e4" />
    <UnitTestResult executionId="7ab5bcb1-2824-4751-998a-bbfced7f6c07" testId="0ad6f18b-ba54-c2d7-a20e-3d54e98676da" testName="TinadecCore.Api.Tests.ConfigurationDocumentTests.DuplicateLogicalIdentityIsRejectedBeforeTheFileCommit" computerName="LINSTATION" duration="00:00:00.5096813" startTime="2026-10-09T16:34:01.5862182+08:00" endTime="2026-10-09T16:34:02.0971766+08:00" testType="13cdc9d9-ddb5-4fa4-a97d-d965ccfc6d4b" outcome="Passed" testListId="8c84fa94-04c1-424b-9868-57a2d4851a1d" relativeResultsDirectory="7ab5bcb1-2824-4751-998a-bbfced7f6c07" />
    <UnitTestResult executionId="1522c93c-93e9-44f3-a26f-db4f080736b5" testId="c4a09a60-84e1-6a5b-abe6-254b9ac261d1" testName="TinadecCore.Api.Tests.ConfigurationDocumentTests.NativeJsonValuesUseOmittedInheritanceAndRejectAmbiguousArrayNulls" computerName="LINSTATION" duration="00:00:00.0015248" startTime="2026-10-09T16:34:00.6410901+08:00" endTime="2026-10-09T16:34:00.6426655+08:00" testType="13cdc9d9-ddb5-4fa4-a97d-d965ccfc6d4b" outcome="Passed" testListId="8c84fa94-04c1-424b-9868-57a2d4851a1d" relativeResultsDirectory="1522c93c-93e9-44f3-a26f-db4f080736b5" />
    <UnitTestResult executionId="7745c604-974e-4cba-a02b-fa9fb802cf24" testId="ddc2ab2e-1fe3-38de-a23e-6b30f98d154d" testName="TinadecCore.Api.Tests.ConfigurationDocumentTests.CompileDigestRejectsAnEditAfterAdmissionStarted" computerName="LINSTATION" duration="00:00:00.6849229" startTime="2026-10-09T16:33:57.3093368+08:00" endTime="2026-10-09T16:33:57.9946300+08:00" testType="13cdc9d9-ddb5-4fa4-a97d-d965ccfc6d4b" outcome="Passed" testListId="8c84fa94-04c1-424b-9868-57a2d4851a1d" relativeResultsDirectory="7745c604-974e-4cba-a02b-fa9fb802cf24" />
    <UnitTestResult executionId="fe300a72-38d5-4df0-bced-1ab12e017db4" testId="55a50f38-fb39-f5d7-4262-ed22a144a256" testName="TinadecCore.Api.Tests.ConfigurationDocumentTests.EmptyConfigurationCannotEraseTheFileProjection" computerName="LINSTATION" duration="00:00:00.5088151" startTime="2026-10-09T16:34:04.8092296+08:00" endTime="2026-10-09T16:34:05.3184219+08:00" testType="13cdc9d9-ddb5-4fa4-a97d-d965ccfc6d4b" outcome="Passed" testListId="8c84fa94-04c1-424b-9868-57a2d4851a1d" relativeResultsDirectory="fe300a72-38d5-4df0-bced-1ab12e017db4" />
    <UnitTestResult executionId="6669fe94-0bcc-4f4f-a8ed-6ac1a3553e8e" testId="a71a623e-db5a-2055-74a9-8df5085a877e" testName="TinadecCore.Api.Tests.ConfigurationDocumentTests.GuiWritesTomlAndManualEditRebuildsProjectionWithCommentsPreserved" computerName="LINSTATION" duration="00:00:00.6331908" startTime="2026-10-09T16:34:00.6428883+08:00" endTime="2026-10-09T16:34:01.2768871+08:00" testType="13cdc9d9-ddb5-4fa4-a97d-d965ccfc6d4b" outcome="Passed" testListId="8c84fa94-04c1-424b-9868-57a2d4851a1d" relativeResultsDirectory="6669fe94-0bcc-4f4f-a8ed-6ac1a3553e8e" />
    <UnitTestResult executionId="ddeaeb51-ce9c-4771-bfd8-02473d18f655" testId="a0d3f395-07db-0ffb-ccce-0c2c9cda9186" testName="TinadecCore.Api.Tests.ConfigurationDocumentTests.AnEditCreatedBeforeExternalFileChangeCannotOverwriteIt" computerName="LINSTATION" duration="00:00:00.6261734" startTime="2026-10-09T16:34:03.1031085+08:00" endTime="2026-10-09T16:34:03.7304853+08:00" testType="13cdc9d9-ddb5-4fa4-a97d-d965ccfc6d4b" outcome="Passed" testListId="8c84fa94-04c1-424b-9868-57a2d4851a1d" relativeResultsDirectory="ddeaeb51-ce9c-4771-bfd8-02473d18f655" />
    <UnitTestResult executionId="4290f2e7-73dd-4b1d-b9bd-58c28645898e" testId="b6f5b400-17d4-1629-538e-a66016fb8923" testName="TinadecCore.Api.Tests.ConfigurationDocumentTests.MissingStorageConfigurationBlocksCompilation" computerName="LINSTATION" duration="00:00:03.0971114" startTime="2026-10-09T16:33:49.9792308+08:00" endTime="2026-10-09T16:33:53.0636463+08:00" testType="13cdc9d9-ddb5-4fa4-a97d-d965ccfc6d4b" outcome="Passed" testListId="8c84fa94-04c1-424b-9868-57a2d4851a1d" relativeResultsDirectory="4290f2e7-73dd-4b1d-b9bd-58c28645898e" />
    <UnitTestResult executionId="277790dd-46fe-4ffb-8626-7d6d456c4d23" testId="f085dc34-a86f-5674-96e4-3c15c514e3d3" testName="TinadecCore.Api.Tests.ConfigurationDocumentTests.UserStorageIdentityIsStableConcurrentAndNewRootsHaveIndependentSchemas" computerName="LINSTATION" duration="00:00:00.3083638" startTime="2026-10-09T16:34:01.2774025+08:00" endTime="2026-10-09T16:34:01.5859565+08:00" testType="13cdc9d9-ddb5-4fa4-a97d-d965ccfc6d4b" outcome="Passed" testListId="8c84fa94-04c1-424b-9868-57a2d4851a1d" relativeResultsDirectory="277790dd-46fe-4ffb-8626-7d6d456c4d23" />
    <UnitTestResult executionId="2729340b-16a0-4bac-9f28-0460b62669dc" testId="716b0afa-53ba-f1e5-2cd9-769c93c01385" testName="TinadecCore.Api.Tests.ConfigurationDocumentTests.HostBootstrapCannotReseedDeletedRuntimeStorageOrLoggingFiles" computerName="LINSTATION" duration="00:00:00.2266176" startTime="2026-10-09T16:33:49.7241021+08:00" endTime="2026-10-09T16:33:49.9615311+08:00" testType="13cdc9d9-ddb5-4fa4-a97d-d965ccfc6d4b" outcome="Passed" testListId="8c84fa94-04c1-424b-9868-57a2d4851a1d" relativeResultsDirectory="2729340b-16a0-4bac-9f28-0460b62669dc" />
    <UnitTestResult executionId="74ccaeb2-5743-4463-acbf-584f367bc6dd" testId="a1333d9e-2623-5222-4653-5dc1334d1b07" testName="TinadecCore.Api.Tests.ConfigurationDocumentTests.SaveValidatesFieldTypesBeforeCommittingTheFile" computerName="LINSTATION" duration="00:00:00.7253039" startTime="2026-10-09T16:33:53.0687849+08:00" endTime="2026-10-09T16:33:53.7937069+08:00" testType="13cdc9d9-ddb5-4fa4-a97d-d965ccfc6d4b" outcome="Passed" testListId="8c84fa94-04c1-424b-9868-57a2d4851a1d" relativeResultsDirectory="74ccaeb2-5743-4463-acbf-584f367bc6dd" />
    <UnitTestResult executionId="be88d7b5-8fcd-471a-a949-1a73bb150927" testId="288bd30a-edf1-9595-656b-277f70c3a574" testName="TinadecCore.Api.Tests.ConfigurationDocumentTests.RetiredFileVersionRemainsHistoryAndCannotSupplyAnActiveDefault" computerName="LINSTATION" duration="00:00:01.0034703" startTime="2026-10-09T16:34:02.0974589+08:00" endTime="2026-10-09T16:34:03.1026611+08:00" testType="13cdc9d9-ddb5-4fa4-a97d-d965ccfc6d4b" outcome="Passed" testListId="8c84fa94-04c1-424b-9868-57a2d4851a1d" relativeResultsDirectory="be88d7b5-8fcd-471a-a949-1a73bb150927" />
    <UnitTestResult executionId="69909ee4-b195-49ea-b590-aa473fb614cd" testId="5bfe2cee-03b7-4ed6-f506-abcc2830f67a" testName="TinadecCore.Api.Tests.ConfigurationDocumentTests.StorageAndLoggingValidateAndChangedBackendBlocksAdmissionUntilApplied" computerName="LINSTATION" duration="00:00:00.6021355" startTime="2026-10-09T16:33:58.6436687+08:00" endTime="2026-10-09T16:33:59.2462433+08:00" testType="13cdc9d9-ddb5-4fa4-a97d-d965ccfc6d4b" outcome="Passed" testListId="8c84fa94-04c1-424b-9868-57a2d4851a1d" relativeResultsDirectory="69909ee4-b195-49ea-b590-aa473fb614cd" />
    <UnitTestResult executionId="0fa5e911-e238-4c03-bf1d-2633ef09a3f3" testId="3ed4a490-a6ef-bd3f-7ee4-63ea370e874d" testName="TinadecCore.Api.Tests.ConfigurationDocumentTests.NativeBindingErrorsAndNullSentinelsCannotChangeAuthoritativeBytes" computerName="LINSTATION" duration="00:00:00.9761217" startTime="2026-10-09T16:33:56.3339780+08:00" endTime="2026-10-09T16:33:57.3085664+08:00" testType="13cdc9d9-ddb5-4fa4-a97d-d965ccfc6d4b" outcome="Passed" testListId="8c84fa94-04c1-424b-9868-57a2d4851a1d" relativeResultsDirectory="0fa5e911-e238-4c03-bf1d-2633ef09a3f3" />
    <UnitTestResult executionId="67bc99de-dbbf-47ea-982b-7b693affec87" testId="7cc7b489-6b0c-33a7-f0a1-6c1d20d33136" testName="TinadecCore.Api.Tests.ConfigurationDocumentTests.NativeBindingsRoundTripGuiWritesManualModesAndFrozenHistory" computerName="LINSTATION" duration="00:00:01.0778802" startTime="2026-10-09T16:34:03.7310771+08:00" endTime="2026-10-09T16:34:04.8089104+08:00" testType="13cdc9d9-ddb5-4fa4-a97d-d965ccfc6d4b" outcome="Passed" testListId="8c84fa94-04c1-424b-9868-57a2d4851a1d" relativeResultsDirectory="67bc99de-dbbf-47ea-982b-7b693affec87" />
    <UnitTestResult executionId="83e3ac6c-be9f-4823-9adb-34bec7e7ba33" testId="ea7e5d06-1262-773c-f3ec-2a8dca0230bd" testName="TinadecCore.Api.Tests.ConfigurationDocumentTests.CopiedConfigurationMaterializesProviderContentInIndependentProjectDatabase" computerName="LINSTATION" duration="00:00:01.7928775" startTime="2026-10-09T16:33:54.5370383+08:00" endTime="2026-10-09T16:33:56.3313305+08:00" testType="13cdc9d9-ddb5-4fa4-a97d-d965ccfc6d4b" outcome="Passed" testListId="8c84fa94-04c1-424b-9868-57a2d4851a1d" relativeResultsDirectory="83e3ac6c-be9f-4823-9adb-34bec7e7ba33" />
    <UnitTestResult executionId="d4ec8bd4-8681-414e-97c1-98433195a60f" testId="1dfb6127-5505-90e4-edbf-ec71598cf4b0" testName="TinadecCore.Api.Tests.ConfigurationDocumentTests.AgentPackEnvelopeBytesAndSemanticDigestRebuildInAnIndependentScope" computerName="LINSTATION" duration="00:00:01.3935031" startTime="2026-10-09T16:33:59.2466415+08:00" endTime="2026-10-09T16:34:00.6406544+08:00" testType="13cdc9d9-ddb5-4fa4-a97d-d965ccfc6d4b" outcome="Passed" testListId="8c84fa94-04c1-424b-9868-57a2d4851a1d" relativeResultsDirectory="d4ec8bd4-8681-414e-97c1-98433195a60f" />
    <UnitTestResult executionId="4d18f732-fb70-41f6-8441-f7ba9b4439a9" testId="c7a0df45-135a-5e43-d6f8-a68ddd34432a" testName="TinadecCore.Api.Tests.ConfigurationDocumentTests.ConditionalSaveRejectsStaleHashAndInvalidTomlWithoutChangingBytes" computerName="LINSTATION" duration="00:00:00.0542978" startTime="2026-10-09T16:33:53.7950065+08:00" endTime="2026-10-09T16:33:53.8489683+08:00" testType="13cdc9d9-ddb5-4fa4-a97d-d965ccfc6d4b" outcome="Passed" testListId="8c84fa94-04c1-424b-9868-57a2d4851a1d" relativeResultsDirectory="4d18f732-fb70-41f6-8441-f7ba9b4439a9" />
    <UnitTestResult executionId="13bce112-60e3-4dcc-8509-05511beb17ce" testId="9ac02505-6bca-332a-54aa-70e58290037e" testName="TinadecCore.Api.Tests.ConfigurationDocumentTests.PublishedProjectMissingFileIsRejectedWithoutLocalStateOrSqlHistory" computerName="LINSTATION" duration="00:00:00.6870491" startTime="2026-10-09T16:33:53.8492739+08:00" endTime="2026-10-09T16:33:54.5367905+08:00" testType="13cdc9d9-ddb5-4fa4-a97d-d965ccfc6d4b" outcome="Passed" testListId="8c84fa94-04c1-424b-9868-57a2d4851a1d" relativeResultsDirectory="13bce112-60e3-4dcc-8509-05511beb17ce" />
  </Results>
  <TestDefinitions>
    <UnitTest name="TinadecCore.Api.Tests.ConfigurationDocumentTests.PublishedProjectMissingFileIsRejectedWithoutLocalStateOrSqlHistory" storage="c:\git\agent\tinadecoffice\.tinadec_dev\tmp\config-file-artifacts\bin\configfile.tests\debug\tinadeccore.api.tests.dll" id="9ac02505-6bca-332a-54aa-70e58290037e">
      <Execution id="13bce112-60e3-4dcc-8509-05511beb17ce" />
      <TestMethod codeBase="C:\git\agent\TinadecOffice\.tinadec_dev\tmp\config-file-artifacts\bin\ConfigFile.Tests\debug\TinadecCore.Api.Tests.dll" adapterTypeName="executor://xunit/VsTestRunner3/netcore/" className="TinadecCore.Api.Tests.ConfigurationDocumentTests" name="PublishedProjectMissingFileIsRejectedWithoutLocalStateOrSqlHistory" />
    </UnitTest>
    <UnitTest name="TinadecCore.Api.Tests.ConfigurationDocumentTests.AnEditCreatedBeforeExternalFileChangeCannotOverwriteIt" storage="c:\git\agent\tinadecoffice\.tinadec_dev\tmp\config-file-artifacts\bin\configfile.tests\debug\tinadeccore.api.tests.dll" id="a0d3f395-07db-0ffb-ccce-0c2c9cda9186">
      <Execution id="ddeaeb51-ce9c-4771-bfd8-02473d18f655" />
      <TestMethod codeBase="C:\git\agent\TinadecOffice\.tinadec_dev\tmp\config-file-artifacts\bin\ConfigFile.Tests\debug\TinadecCore.Api.Tests.dll" adapterTypeName="executor://xunit/VsTestRunner3/netcore/" className="TinadecCore.Api.Tests.ConfigurationDocumentTests" name="AnEditCreatedBeforeExternalFileChangeCannotOverwriteIt" />
    </UnitTest>
    <UnitTest name="TinadecCore.Api.Tests.ConfigurationDocumentTests.NativeBindingErrorsAndNullSentinelsCannotChangeAuthoritativeBytes" storage="c:\git\agent\tinadecoffice\.tinadec_dev\tmp\config-file-artifacts\bin\configfile.tests\debug\tinadeccore.api.tests.dll" id="3ed4a490-a6ef-bd3f-7ee4-63ea370e874d">
      <Execution id="0fa5e911-e238-4c03-bf1d-2633ef09a3f3" />
      <TestMethod codeBase="C:\git\agent\TinadecOffice\.tinadec_dev\tmp\config-file-artifacts\bin\ConfigFile.Tests\debug\TinadecCore.Api.Tests.dll" adapterTypeName="executor://xunit/VsTestRunner3/netcore/" className="TinadecCore.Api.Tests.ConfigurationDocumentTests" name="NativeBindingErrorsAndNullSentinelsCannotChangeAuthoritativeBytes" />
    </UnitTest>
    <UnitTest name="TinadecCore.Api.Tests.ConfigurationDocumentTests.MissingStorageConfigurationBlocksCompilation" storage="c:\git\agent\tinadecoffice\.tinadec_dev\tmp\config-file-artifacts\bin\configfile.tests\debug\tinadeccore.api.tests.dll" id="b6f5b400-17d4-1629-538e-a66016fb8923">
      <Execution id="4290f2e7-73dd-4b1d-b9bd-58c28645898e" />
      <TestMethod codeBase="C:\git\agent\TinadecOffice\.tinadec_dev\tmp\config-file-artifacts\bin\ConfigFile.Tests\debug\TinadecCore.Api.Tests.dll" adapterTypeName="executor://xunit/VsTestRunner3/netcore/" className="TinadecCore.Api.Tests.ConfigurationDocumentTests" name="MissingStorageConfigurationBlocksCompilation" />
    </UnitTest>
    <UnitTest name="TinadecCore.Api.Tests.ConfigurationDocumentTests.StorageAndLoggingValidateAndChangedBackendBlocksAdmissionUntilApplied" storage="c:\git\agent\tinadecoffice\.tinadec_dev\tmp\config-file-artifacts\bin\configfile.tests\debug\tinadeccore.api.tests.dll" id="5bfe2cee-03b7-4ed6-f506-abcc2830f67a">
      <Execution id="69909ee4-b195-49ea-b590-aa473fb614cd" />
      <TestMethod codeBase="C:\git\agent\TinadecOffice\.tinadec_dev\tmp\config-file-artifacts\bin\ConfigFile.Tests\debug\TinadecCore.Api.Tests.dll" adapterTypeName="executor://xunit/VsTestRunner3/netcore/" className="TinadecCore.Api.Tests.ConfigurationDocumentTests" name="StorageAndLoggingValidateAndChangedBackendBlocksAdmissionUntilApplied" />
    </UnitTest>
    <UnitTest name="TinadecCore.Api.Tests.ConfigurationDocumentTests.DuplicateLogicalIdentityIsRejectedBeforeTheFileCommit" storage="c:\git\agent\tinadecoffice\.tinadec_dev\tmp\config-file-artifacts\bin\configfile.tests\debug\tinadeccore.api.tests.dll" id="0ad6f18b-ba54-c2d7-a20e-3d54e98676da">
      <Execution id="7ab5bcb1-2824-4751-998a-bbfced7f6c07" />
      <TestMethod codeBase="C:\git\agent\TinadecOffice\.tinadec_dev\tmp\config-file-artifacts\bin\ConfigFile.Tests\debug\TinadecCore.Api.Tests.dll" adapterTypeName="executor://xunit/VsTestRunner3/netcore/" className="TinadecCore.Api.Tests.ConfigurationDocumentTests" name="DuplicateLogicalIdentityIsRejectedBeforeTheFileCommit" />
    </UnitTest>
    <UnitTest name="TinadecCore.Api.Tests.ConfigurationDocumentTests.NativeBindingsRoundTripGuiWritesManualModesAndFrozenHistory" storage="c:\git\agent\tinadecoffice\.tinadec_dev\tmp\config-file-artifacts\bin\configfile.tests\debug\tinadeccore.api.tests.dll" id="7cc7b489-6b0c-33a7-f0a1-6c1d20d33136">
      <Execution id="67bc99de-dbbf-47ea-982b-7b693affec87" />
      <TestMethod codeBase="C:\git\agent\TinadecOffice\.tinadec_dev\tmp\config-file-artifacts\bin\ConfigFile.Tests\debug\TinadecCore.Api.Tests.dll" adapterTypeName="executor://xunit/VsTestRunner3/netcore/" className="TinadecCore.Api.Tests.ConfigurationDocumentTests" name="NativeBindingsRoundTripGuiWritesManualModesAndFrozenHistory" />
    </UnitTest>
    <UnitTest name="TinadecCore.Api.Tests.ConfigurationDocumentTests.EmptyConfigurationCannotEraseTheFileProjection" storage="c:\git\agent\tinadecoffice\.tinadec_dev\tmp\config-file-artifacts\bin\configfile.tests\debug\tinadeccore.api.tests.dll" id="55a50f38-fb39-f5d7-4262-ed22a144a256">
      <Execution id="fe300a72-38d5-4df0-bced-1ab12e017db4" />
      <TestMethod codeBase="C:\git\agent\TinadecOffice\.tinadec_dev\tmp\config-file-artifacts\bin\ConfigFile.Tests\debug\TinadecCore.Api.Tests.dll" adapterTypeName="executor://xunit/VsTestRunner3/netcore/" className="TinadecCore.Api.Tests.ConfigurationDocumentTests" name="EmptyConfigurationCannotEraseTheFileProjection" />
    </UnitTest>
    <UnitTest name="TinadecCore.Api.Tests.ConfigurationDocumentTests.HostBootstrapCannotReseedDeletedRuntimeStorageOrLoggingFiles" storage="c:\git\agent\tinadecoffice\.tinadec_dev\tmp\config-file-artifacts\bin\configfile.tests\debug\tinadeccore.api.tests.dll" id="716b0afa-53ba-f1e5-2cd9-769c93c01385">
      <Execution id="2729340b-16a0-4bac-9f28-0460b62669dc" />
      <TestMethod codeBase="C:\git\agent\TinadecOffice\.tinadec_dev\tmp\config-file-artifacts\bin\ConfigFile.Tests\debug\TinadecCore.Api.Tests.dll" adapterTypeName="executor://xunit/VsTestRunner3/netcore/" className="TinadecCore.Api.Tests.ConfigurationDocumentTests" name="HostBootstrapCannotReseedDeletedRuntimeStorageOrLoggingFiles" />
    </UnitTest>
    <UnitTest name="TinadecCore.Api.Tests.ConfigurationDocumentTests.MissingEstablishedFileCannotBeRegeneratedFromSqlAfterRestart" storage="c:\git\agent\tinadecoffice\.tinadec_dev\tmp\config-file-artifacts\bin\configfile.tests\debug\tinadeccore.api.tests.dll" id="e395a1d6-45b3-cda8-e391-7952b81ca34c">
      <Execution id="1013085e-0244-4cde-9bc4-bc6258b099e4" />
      <TestMethod codeBase="C:\git\agent\TinadecOffice\.tinadec_dev\tmp\config-file-artifacts\bin\ConfigFile.Tests\debug\TinadecCore.Api.Tests.dll" adapterTypeName="executor://xunit/VsTestRunner3/netcore/" className="TinadecCore.Api.Tests.ConfigurationDocumentTests" name="MissingEstablishedFileCannotBeRegeneratedFromSqlAfterRestart" />
    </UnitTest>
    <UnitTest name="TinadecCore.Api.Tests.ConfigurationDocumentTests.RetiredFileVersionRemainsHistoryAndCannotSupplyAnActiveDefault" storage="c:\git\agent\tinadecoffice\.tinadec_dev\tmp\config-file-artifacts\bin\configfile.tests\debug\tinadeccore.api.tests.dll" id="288bd30a-edf1-9595-656b-277f70c3a574">
      <Execution id="be88d7b5-8fcd-471a-a949-1a73bb150927" />
      <TestMethod codeBase="C:\git\agent\TinadecOffice\.tinadec_dev\tmp\config-file-artifacts\bin\ConfigFile.Tests\debug\TinadecCore.Api.Tests.dll" adapterTypeName="executor://xunit/VsTestRunner3/netcore/" className="TinadecCore.Api.Tests.ConfigurationDocumentTests" name="RetiredFileVersionRemainsHistoryAndCannotSupplyAnActiveDefault" />
    </UnitTest>
    <UnitTest name="TinadecCore.Api.Tests.ConfigurationDocumentTests.CompileDigestRejectsAnEditAfterAdmissionStarted" storage="c:\git\agent\tinadecoffice\.tinadec_dev\tmp\config-file-artifacts\bin\configfile.tests\debug\tinadeccore.api.tests.dll" id="ddc2ab2e-1fe3-38de-a23e-6b30f98d154d">
      <Execution id="7745c604-974e-4cba-a02b-fa9fb802cf24" />
      <TestMethod codeBase="C:\git\agent\TinadecOffice\.tinadec_dev\tmp\config-file-artifacts\bin\ConfigFile.Tests\debug\TinadecCore.Api.Tests.dll" adapterTypeName="executor://xunit/VsTestRunner3/netcore/" className="TinadecCore.Api.Tests.ConfigurationDocumentTests" name="CompileDigestRejectsAnEditAfterAdmissionStarted" />
    </UnitTest>
    <UnitTest name="TinadecCore.Api.Tests.ConfigurationDocumentTests.SaveValidatesFieldTypesBeforeCommittingTheFile" storage="c:\git\agent\tinadecoffice\.tinadec_dev\tmp\config-file-artifacts\bin\configfile.tests\debug\tinadeccore.api.tests.dll" id="a1333d9e-2623-5222-4653-5dc1334d1b07">
      <Execution id="74ccaeb2-5743-4463-acbf-584f367bc6dd" />
      <TestMethod codeBase="C:\git\agent\TinadecOffice\.tinadec_dev\tmp\config-file-artifacts\bin\ConfigFile.Tests\debug\TinadecCore.Api.Tests.dll" adapterTypeName="executor://xunit/VsTestRunner3/netcore/" className="TinadecCore.Api.Tests.ConfigurationDocumentTests" name="SaveValidatesFieldTypesBeforeCommittingTheFile" />
    </UnitTest>
    <UnitTest name="TinadecCore.Api.Tests.ConfigurationDocumentTests.NativeJsonValuesUseOmittedInheritanceAndRejectAmbiguousArrayNulls" storage="c:\git\agent\tinadecoffice\.tinadec_dev\tmp\config-file-artifacts\bin\configfile.tests\debug\tinadeccore.api.tests.dll" id="c4a09a60-84e1-6a5b-abe6-254b9ac261d1">
      <Execution id="1522c93c-93e9-44f3-a26f-db4f080736b5" />
      <TestMethod codeBase="C:\git\agent\TinadecOffice\.tinadec_dev\tmp\config-file-artifacts\bin\ConfigFile.Tests\debug\TinadecCore.Api.Tests.dll" adapterTypeName="executor://xunit/VsTestRunner3/netcore/" className="TinadecCore.Api.Tests.ConfigurationDocumentTests" name="NativeJsonValuesUseOmittedInheritanceAndRejectAmbiguousArrayNulls" />
    </UnitTest>
    <UnitTest name="TinadecCore.Api.Tests.ConfigurationDocumentTests.CopiedConfigurationMaterializesProviderContentInIndependentProjectDatabase" storage="c:\git\agent\tinadecoffice\.tinadec_dev\tmp\config-file-artifacts\bin\configfile.tests\debug\tinadeccore.api.tests.dll" id="ea7e5d06-1262-773c-f3ec-2a8dca0230bd">
      <Execution id="83e3ac6c-be9f-4823-9adb-34bec7e7ba33" />
      <TestMethod codeBase="C:\git\agent\TinadecOffice\.tinadec_dev\tmp\config-file-artifacts\bin\ConfigFile.Tests\debug\TinadecCore.Api.Tests.dll" adapterTypeName="executor://xunit/VsTestRunner3/netcore/" className="TinadecCore.Api.Tests.ConfigurationDocumentTests" name="CopiedConfigurationMaterializesProviderContentInIndependentProjectDatabase" />
    </UnitTest>
    <UnitTest name="TinadecCore.Api.Tests.ConfigurationDocumentTests.UserStorageIdentityIsStableConcurrentAndNewRootsHaveIndependentSchemas" storage="c:\git\agent\tinadecoffice\.tinadec_dev\tmp\config-file-artifacts\bin\configfile.tests\debug\tinadeccore.api.tests.dll" id="f085dc34-a86f-5674-96e4-3c15c514e3d3">
      <Execution id="277790dd-46fe-4ffb-8626-7d6d456c4d23" />
      <TestMethod codeBase="C:\git\agent\TinadecOffice\.tinadec_dev\tmp\config-file-artifacts\bin\ConfigFile.Tests\debug\TinadecCore.Api.Tests.dll" adapterTypeName="executor://xunit/VsTestRunner3/netcore/" className="TinadecCore.Api.Tests.ConfigurationDocumentTests" name="UserStorageIdentityIsStableConcurrentAndNewRootsHaveIndependentSchemas" />
    </UnitTest>
    <UnitTest name="TinadecCore.Api.Tests.ConfigurationDocumentTests.GuiWritesTomlAndManualEditRebuildsProjectionWithCommentsPreserved" storage="c:\git\agent\tinadecoffice\.tinadec_dev\tmp\config-file-artifacts\bin\configfile.tests\debug\tinadeccore.api.tests.dll" id="a71a623e-db5a-2055-74a9-8df5085a877e">
      <Execution id="6669fe94-0bcc-4f4f-a8ed-6ac1a3553e8e" />
      <TestMethod codeBase="C:\git\agent\TinadecOffice\.tinadec_dev\tmp\config-file-artifacts\bin\ConfigFile.Tests\debug\TinadecCore.Api.Tests.dll" adapterTypeName="executor://xunit/VsTestRunner3/netcore/" className="TinadecCore.Api.Tests.ConfigurationDocumentTests" name="GuiWritesTomlAndManualEditRebuildsProjectionWithCommentsPreserved" />
    </UnitTest>
    <UnitTest name="TinadecCore.Api.Tests.ConfigurationDocumentTests.AgentPackEnvelopeBytesAndSemanticDigestRebuildInAnIndependentScope" storage="c:\git\agent\tinadecoffice\.tinadec_dev\tmp\config-file-artifacts\bin\configfile.tests\debug\tinadeccore.api.tests.dll" id="1dfb6127-5505-90e4-edbf-ec71598cf4b0">
      <Execution id="d4ec8bd4-8681-414e-97c1-98433195a60f" />
      <TestMethod codeBase="C:\git\agent\TinadecOffice\.tinadec_dev\tmp\config-file-artifacts\bin\ConfigFile.Tests\debug\TinadecCore.Api.Tests.dll" adapterTypeName="executor://xunit/VsTestRunner3/netcore/" className="TinadecCore.Api.Tests.ConfigurationDocumentTests" name="AgentPackEnvelopeBytesAndSemanticDigestRebuildInAnIndependentScope" />
    </UnitTest>
    <UnitTest name="TinadecCore.Api.Tests.ConfigurationDocumentTests.ConditionalSaveRejectsStaleHashAndInvalidTomlWithoutChangingBytes" storage="c:\git\agent\tinadecoffice\.tinadec_dev\tmp\config-file-artifacts\bin\configfile.tests\debug\tinadeccore.api.tests.dll" id="c7a0df45-135a-5e43-d6f8-a68ddd34432a">
      <Execution id="4d18f732-fb70-41f6-8441-f7ba9b4439a9" />
      <TestMethod codeBase="C:\git\agent\TinadecOffice\.tinadec_dev\tmp\config-file-artifacts\bin\ConfigFile.Tests\debug\TinadecCore.Api.Tests.dll" adapterTypeName="executor://xunit/VsTestRunner3/netcore/" className="TinadecCore.Api.Tests.ConfigurationDocumentTests" name="ConditionalSaveRejectsStaleHashAndInvalidTomlWithoutChangingBytes" />
    </UnitTest>
  </TestDefinitions>
  <TestEntries>
    <TestEntry testId="e395a1d6-45b3-cda8-e391-7952b81ca34c" executionId="1013085e-0244-4cde-9bc4-bc6258b099e4" testListId="8c84fa94-04c1-424b-9868-57a2d4851a1d" />
    <TestEntry testId="0ad6f18b-ba54-c2d7-a20e-3d54e98676da" executionId="7ab5bcb1-2824-4751-998a-bbfced7f6c07" testListId="8c84fa94-04c1-424b-9868-57a2d4851a1d" />
    <TestEntry testId="c4a09a60-84e1-6a5b-abe6-254b9ac261d1" executionId="1522c93c-93e9-44f3-a26f-db4f080736b5" testListId="8c84fa94-04c1-424b-9868-57a2d4851a1d" />
    <TestEntry testId="ddc2ab2e-1fe3-38de-a23e-6b30f98d154d" executionId="7745c604-974e-4cba-a02b-fa9fb802cf24" testListId="8c84fa94-04c1-424b-9868-57a2d4851a1d" />
    <TestEntry testId="55a50f38-fb39-f5d7-4262-ed22a144a256" executionId="fe300a72-38d5-4df0-bced-1ab12e017db4" testListId="8c84fa94-04c1-424b-9868-57a2d4851a1d" />
    <TestEntry testId="a71a623e-db5a-2055-74a9-8df5085a877e" executionId="6669fe94-0bcc-4f4f-a8ed-6ac1a3553e8e" testListId="8c84fa94-04c1-424b-9868-57a2d4851a1d" />
    <TestEntry testId="a0d3f395-07db-0ffb-ccce-0c2c9cda9186" executionId="ddeaeb51-ce9c-4771-bfd8-02473d18f655" testListId="8c84fa94-04c1-424b-9868-57a2d4851a1d" />
    <TestEntry testId="b6f5b400-17d4-1629-538e-a66016fb8923" executionId="4290f2e7-73dd-4b1d-b9bd-58c28645898e" testListId="8c84fa94-04c1-424b-9868-57a2d4851a1d" />
    <TestEntry testId="f085dc34-a86f-5674-96e4-3c15c514e3d3" executionId="277790dd-46fe-4ffb-8626-7d6d456c4d23" testListId="8c84fa94-04c1-424b-9868-57a2d4851a1d" />
    <TestEntry testId="716b0afa-53ba-f1e5-2cd9-769c93c01385" executionId="2729340b-16a0-4bac-9f28-0460b62669dc" testListId="8c84fa94-04c1-424b-9868-57a2d4851a1d" />
    <TestEntry testId="a1333d9e-2623-5222-4653-5dc1334d1b07" executionId="74ccaeb2-5743-4463-acbf-584f367bc6dd" testListId="8c84fa94-04c1-424b-9868-57a2d4851a1d" />
    <TestEntry testId="288bd30a-edf1-9595-656b-277f70c3a574" executionId="be88d7b5-8fcd-471a-a949-1a73bb150927" testListId="8c84fa94-04c1-424b-9868-57a2d4851a1d" />
    <TestEntry testId="5bfe2cee-03b7-4ed6-f506-abcc2830f67a" executionId="69909ee4-b195-49ea-b590-aa473fb614cd" testListId="8c84fa94-04c1-424b-9868-57a2d4851a1d" />
    <TestEntry testId="3ed4a490-a6ef-bd3f-7ee4-63ea370e874d" executionId="0fa5e911-e238-4c03-bf1d-2633ef09a3f3" testListId="8c84fa94-04c1-424b-9868-57a2d4851a1d" />
    <TestEntry testId="7cc7b489-6b0c-33a7-f0a1-6c1d20d33136" executionId="67bc99de-dbbf-47ea-982b-7b693affec87" testListId="8c84fa94-04c1-424b-9868-57a2d4851a1d" />
    <TestEntry testId="ea7e5d06-1262-773c-f3ec-2a8dca0230bd" executionId="83e3ac6c-be9f-4823-9adb-34bec7e7ba33" testListId="8c84fa94-04c1-424b-9868-57a2d4851a1d" />
    <TestEntry testId="1dfb6127-5505-90e4-edbf-ec71598cf4b0" executionId="d4ec8bd4-8681-414e-97c1-98433195a60f" testListId="8c84fa94-04c1-424b-9868-57a2d4851a1d" />
    <TestEntry testId="c7a0df45-135a-5e43-d6f8-a68ddd34432a" executionId="4d18f732-fb70-41f6-8441-f7ba9b4439a9" testListId="8c84fa94-04c1-424b-9868-57a2d4851a1d" />
    <TestEntry testId="9ac02505-6bca-332a-54aa-70e58290037e" executionId="13bce112-60e3-4dcc-8509-05511beb17ce" testListId="8c84fa94-04c1-424b-9868-57a2d4851a1d" />
  </TestEntries>
  <TestLists>
    <TestList name="列表中未列出的结果" id="8c84fa94-04c1-424b-9868-57a2d4851a1d" />
    <TestList name="所有已加载的结果" id="19431567-8539-422a-85d7-44ee4e166bda" />
  </TestLists>
  <ResultSummary outcome="Completed">
    <Counters total="19" executed="19" passed="19" failed="0" error="0" timeout="0" aborted="0" inconclusive="0" passedButRunAborted="0" notRunnable="0" notExecuted="0" disconnected="0" warning="0" completed="0" inProgress="0" pending="0" />
    <Output>
      <StdOut>[xUnit.net 00:00:00.00] xUnit.net VSTest Adapter v3.1.4+50e68bbb8b (64-bit .NET 10.0.11)&#xD;
[xUnit.net 00:00:00.19]   Discovering: TinadecCore.Api.Tests&#xD;
[xUnit.net 00:00:00.26]   Discovered:  TinadecCore.Api.Tests&#xD;
[xUnit.net 00:00:00.31]   Starting:    TinadecCore.Api.Tests&#xD;
[xUnit.net 00:00:15.95]   Finished:    TinadecCore.Api.Tests&#xD;
</StdOut>
    </Output>
  </ResultSummary>
</TestRun>