<?xml version="1.0" encoding="utf-8"?>
<TestRun id="96b34db6-7dcd-4f6e-bb55-25f67e725c46" name="lincu@LINSTATION 2026-10-09 16:30:06" runUser="LINSTATION\lincu" xmlns="http://microsoft.com/schemas/VisualStudio/TeamTest/2010">
  <Times creation="2026-10-09T16:30:06.1899576+08:00" queuing="2026-10-09T16:30:06.1899582+08:00" start="2026-10-09T16:30:03.7533656+08:00" finish="2026-10-09T16:30:22.9410632+08:00" />
  <TestSettings name="default" id="edf5dc5f-7a58-4e38-ac98-679de2b6c755">
    <Deployment runDeploymentRoot="lincu_LINSTATION_2026-10-09_16_30_06" />
  </TestSettings>
  <Results>
    <UnitTestResult executionId="d8e7bf0c-4bb1-41d9-bbda-8009f0d6354e" testId="3ed4a490-a6ef-bd3f-7ee4-63ea370e874d" testName="TinadecCore.Api.Tests.ConfigurationDocumentTests.NativeBindingErrorsAndNullSentinelsCannotChangeAuthoritativeBytes" computerName="LINSTATION" duration="00:00:01.2112555" startTime="2026-10-09T16:30:12.8325684+08:00" endTime="2026-10-09T16:30:14.0428576+08:00" testType="13cdc9d9-ddb5-4fa4-a97d-d965ccfc6d4b" outcome="Passed" testListId="8c84fa94-04c1-424b-9868-57a2d4851a1d" relativeResultsDirectory="d8e7bf0c-4bb1-41d9-bbda-8009f0d6354e" />
    <UnitTestResult executionId="ccd057e3-a68f-434d-a747-cdb9e3ae2caa" testId="a0d3f395-07db-0ffb-ccce-0c2c9cda9186" testName="TinadecCore.Api.Tests.ConfigurationDocumentTests.AnEditCreatedBeforeExternalFileChangeCannotOverwriteIt" computerName="LINSTATION" duration="00:00:00.7810787" startTime="2026-10-09T16:30:20.2720265+08:00" endTime="2026-10-09T16:30:21.0541013+08:00" testType="13cdc9d9-ddb5-4fa4-a97d-d965ccfc6d4b" outcome="Passed" testListId="8c84fa94-04c1-424b-9868-57a2d4851a1d" relativeResultsDirectory="ccd057e3-a68f-434d-a747-cdb9e3ae2caa" />
    <UnitTestResult executionId="1784de92-f4f8-4fbf-b8f9-15f5c9605cfa" testId="9ac02505-6bca-332a-54aa-70e58290037e" testName="TinadecCore.Api.Tests.ConfigurationDocumentTests.PublishedProjectMissingFileIsRejectedWithoutLocalStateOrSqlHistory" computerName="LINSTATION" duration="00:00:00.7437603" startTime="2026-10-09T16:30:09.4422122+08:00" endTime="2026-10-09T16:30:10.1863384+08:00" testType="13cdc9d9-ddb5-4fa4-a97d-d965ccfc6d4b" outcome="Passed" testListId="8c84fa94-04c1-424b-9868-57a2d4851a1d" relativeResultsDirectory="1784de92-f4f8-4fbf-b8f9-15f5c9605cfa" />
    <UnitTestResult executionId="7524332a-641d-4424-a9ef-dafd1641e883" testId="f085dc34-a86f-5674-96e4-3c15c514e3d3" testName="TinadecCore.Api.Tests.ConfigurationDocumentTests.UserStorageIdentityIsStableConcurrentAndNewRootsHaveIndependentSchemas" computerName="LINSTATION" duration="00:00:00.2953172" startTime="2026-10-09T16:30:18.4019575+08:00" endTime="2026-10-09T16:30:18.6976299+08:00" testType="13cdc9d9-ddb5-4fa4-a97d-d965ccfc6d4b" outcome="Passed" testListId="8c84fa94-04c1-424b-9868-57a2d4851a1d" relativeResultsDirectory="7524332a-641d-4424-a9ef-dafd1641e883" />
    <UnitTestResult executionId="872a39b4-65cf-4d08-bbf8-40a7029fa5ef" testId="716b0afa-53ba-f1e5-2cd9-769c93c01385" testName="TinadecCore.Api.Tests.ConfigurationDocumentTests.HostBootstrapCannotReseedDeletedRuntimeStorageOrLoggingFiles" computerName="LINSTATION" duration="00:00:00.2819957" startTime="2026-10-09T16:30:05.2819346+08:00" endTime="2026-10-09T16:30:05.5785352+08:00" testType="13cdc9d9-ddb5-4fa4-a97d-d965ccfc6d4b" outcome="Passed" testListId="8c84fa94-04c1-424b-9868-57a2d4851a1d" relativeResultsDirectory="872a39b4-65cf-4d08-bbf8-40a7029fa5ef" />
    <UnitTestResult executionId="cb4543d7-06cb-4609-94bc-f3ee8f8706db" testId="7cc7b489-6b0c-33a7-f0a1-6c1d20d33136" testName="TinadecCore.Api.Tests.ConfigurationDocumentTests.NativeBindingsRoundTripGuiWritesManualModesAndFrozenHistory" computerName="LINSTATION" duration="00:00:01.2059212" startTime="2026-10-09T16:30:21.0544572+08:00" endTime="2026-10-09T16:30:22.2609554+08:00" testType="13cdc9d9-ddb5-4fa4-a97d-d965ccfc6d4b" outcome="Passed" testListId="8c84fa94-04c1-424b-9868-57a2d4851a1d" relativeResultsDirectory="cb4543d7-06cb-4609-94bc-f3ee8f8706db" />
    <UnitTestResult executionId="1149ab52-df14-4b07-a798-3134cd6fa345" testId="5bfe2cee-03b7-4ed6-f506-abcc2830f67a" testName="TinadecCore.Api.Tests.ConfigurationDocumentTests.StorageAndLoggingValidateAndChangedBackendBlocksAdmissionUntilApplied" computerName="LINSTATION" duration="00:00:00.7105844" startTime="2026-10-09T16:30:15.5364626+08:00" endTime="2026-10-09T16:30:16.2479264+08:00" testType="13cdc9d9-ddb5-4fa4-a97d-d965ccfc6d4b" outcome="Passed" testListId="8c84fa94-04c1-424b-9868-57a2d4851a1d" relativeResultsDirectory="1149ab52-df14-4b07-a798-3134cd6fa345" />
    <UnitTestResult executionId="02f3d06c-e5d9-4ef1-a0f2-acb3d736bd06" testId="a71a623e-db5a-2055-74a9-8df5085a877e" testName="TinadecCore.Api.Tests.ConfigurationDocumentTests.GuiWritesTomlAndManualEditRebuildsProjectionWithCommentsPreserved" computerName="LINSTATION" duration="00:00:00.7028770" startTime="2026-10-09T16:30:17.6981645+08:00" endTime="2026-10-09T16:30:18.4014664+08:00" testType="13cdc9d9-ddb5-4fa4-a97d-d965ccfc6d4b" outcome="Passed" testListId="8c84fa94-04c1-424b-9868-57a2d4851a1d" relativeResultsDirectory="02f3d06c-e5d9-4ef1-a0f2-acb3d736bd06" />
    <UnitTestResult executionId="a9242345-65a1-49aa-bea1-841e74d41577" testId="b6f5b400-17d4-1629-538e-a66016fb8923" testName="TinadecCore.Api.Tests.ConfigurationDocumentTests.MissingStorageConfigurationBlocksCompilation" computerName="LINSTATION" duration="00:00:03.1546911" startTime="2026-10-09T16:30:05.5998138+08:00" endTime="2026-10-09T16:30:08.7373558+08:00" testType="13cdc9d9-ddb5-4fa4-a97d-d965ccfc6d4b" outcome="Passed" testListId="8c84fa94-04c1-424b-9868-57a2d4851a1d" relativeResultsDirectory="a9242345-65a1-49aa-bea1-841e74d41577" />
    <UnitTestResult executionId="f8b76c5f-e9aa-477a-8218-de454b974db3" testId="c4a09a60-84e1-6a5b-abe6-254b9ac261d1" testName="TinadecCore.Api.Tests.ConfigurationDocumentTests.NativeJsonValuesUseOmittedInheritanceAndRejectAmbiguousArrayNulls" computerName="LINSTATION" duration="00:00:00.0019704" startTime="2026-10-09T16:30:17.6960308+08:00" endTime="2026-10-09T16:30:17.6978001+08:00" testType="13cdc9d9-ddb5-4fa4-a97d-d965ccfc6d4b" outcome="Passed" testListId="8c84fa94-04c1-424b-9868-57a2d4851a1d" relativeResultsDirectory="f8b76c5f-e9aa-477a-8218-de454b974db3" />
    <UnitTestResult executionId="dd59b6d5-e2c2-497f-9610-9b4ffeb613d1" testId="e395a1d6-45b3-cda8-e391-7952b81ca34c" testName="TinadecCore.Api.Tests.ConfigurationDocumentTests.MissingEstablishedFileCannotBeRegeneratedFromSqlAfterRestart" computerName="LINSTATION" duration="00:00:00.7313120" startTime="2026-10-09T16:30:14.8044800+08:00" endTime="2026-10-09T16:30:15.5360235+08:00" testType="13cdc9d9-ddb5-4fa4-a97d-d965ccfc6d4b" outcome="Passed" testListId="8c84fa94-04c1-424b-9868-57a2d4851a1d" relativeResultsDirectory="dd59b6d5-e2c2-497f-9610-9b4ffeb613d1" />
    <UnitTestResult executionId="5bb213e9-1700-4b22-8937-e118abdd83e6" testId="c7a0df45-135a-5e43-d6f8-a68ddd34432a" testName="TinadecCore.Api.Tests.ConfigurationDocumentTests.ConditionalSaveRejectsStaleHashAndInvalidTomlWithoutChangingBytes" computerName="LINSTATION" duration="00:00:00.0558056" startTime="2026-10-09T16:30:09.3884832+08:00" endTime="2026-10-09T16:30:09.4418150+08:00" testType="13cdc9d9-ddb5-4fa4-a97d-d965ccfc6d4b" outcome="Passed" testListId="8c84fa94-04c1-424b-9868-57a2d4851a1d" relativeResultsDirectory="5bb213e9-1700-4b22-8937-e118abdd83e6" />
    <UnitTestResult executionId="6905cdc3-e141-4d4f-8b5f-9d3ac3a0da23" testId="55a50f38-fb39-f5d7-4262-ed22a144a256" testName="TinadecCore.Api.Tests.ConfigurationDocumentTests.EmptyConfigurationCannotEraseTheFileProjection" computerName="LINSTATION" duration="00:00:00.5436138" startTime="2026-10-09T16:30:22.2611270+08:00" endTime="2026-10-09T16:30:22.8054582+08:00" testType="13cdc9d9-ddb5-4fa4-a97d-d965ccfc6d4b" outcome="Passed" testListId="8c84fa94-04c1-424b-9868-57a2d4851a1d" relativeResultsDirectory="6905cdc3-e141-4d4f-8b5f-9d3ac3a0da23" />
    <UnitTestResult executionId="c0abaef1-6dea-4158-b027-c0279e055543" testId="288bd30a-edf1-9595-656b-277f70c3a574" testName="TinadecCore.Api.Tests.ConfigurationDocumentTests.RetiredFileVersionRemainsHistoryAndCannotSupplyAnActiveDefault" computerName="LINSTATION" duration="00:00:00.9642496" startTime="2026-10-09T16:30:19.3067843+08:00" endTime="2026-10-09T16:30:20.2716970+08:00" testType="13cdc9d9-ddb5-4fa4-a97d-d965ccfc6d4b" outcome="Passed" testListId="8c84fa94-04c1-424b-9868-57a2d4851a1d" relativeResultsDirectory="c0abaef1-6dea-4158-b027-c0279e055543" />
    <UnitTestResult executionId="94638609-6446-4425-b1f1-02f54b707b9c" testId="1dfb6127-5505-90e4-edbf-ec71598cf4b0" testName="TinadecCore.Api.Tests.ConfigurationDocumentTests.AgentPackEnvelopeBytesAndSemanticDigestRebuildInAnIndependentScope" computerName="LINSTATION" duration="00:00:01.4470719" startTime="2026-10-09T16:30:16.2482057+08:00" endTime="2026-10-09T16:30:17.6956009+08:00" testType="13cdc9d9-ddb5-4fa4-a97d-d965ccfc6d4b" outcome="Passed" testListId="8c84fa94-04c1-424b-9868-57a2d4851a1d" relativeResultsDirectory="94638609-6446-4425-b1f1-02f54b707b9c" />
    <UnitTestResult executionId="35297ae0-114d-468b-a6cb-e5e1db54d679" testId="ddc2ab2e-1fe3-38de-a23e-6b30f98d154d" testName="TinadecCore.Api.Tests.ConfigurationDocumentTests.CompileDigestRejectsAnEditAfterAdmissionStarted" computerName="LINSTATION" duration="00:00:00.7602856" startTime="2026-10-09T16:30:14.0431776+08:00" endTime="2026-10-09T16:30:14.8038952+08:00" testType="13cdc9d9-ddb5-4fa4-a97d-d965ccfc6d4b" outcome="Passed" testListId="8c84fa94-04c1-424b-9868-57a2d4851a1d" relativeResultsDirectory="35297ae0-114d-468b-a6cb-e5e1db54d679" />
    <UnitTestResult executionId="502bb2f3-599b-4c09-a1f0-b51c141686dd" testId="0ad6f18b-ba54-c2d7-a20e-3d54e98676da" testName="TinadecCore.Api.Tests.ConfigurationDocumentTests.DuplicateLogicalIdentityIsRejectedBeforeTheFileCommit" computerName="LINSTATION" duration="00:00:00.6076357" startTime="2026-10-09T16:30:18.6979951+08:00" endTime="2026-10-09T16:30:19.3063041+08:00" testType="13cdc9d9-ddb5-4fa4-a97d-d965ccfc6d4b" outcome="Passed" testListId="8c84fa94-04c1-424b-9868-57a2d4851a1d" relativeResultsDirectory="502bb2f3-599b-4c09-a1f0-b51c141686dd" />
    <UnitTestResult executionId="ccd98c92-c89f-4342-a7b4-dcf2aad2dd29" testId="a1333d9e-2623-5222-4653-5dc1334d1b07" testName="TinadecCore.Api.Tests.ConfigurationDocumentTests.SaveValidatesFieldTypesBeforeCommittingTheFile" computerName="LINSTATION" duration="00:00:00.6432707" startTime="2026-10-09T16:30:08.7409738+08:00" endTime="2026-10-09T16:30:09.3842673+08:00" testType="13cdc9d9-ddb5-4fa4-a97d-d965ccfc6d4b" outcome="Passed" testListId="8c84fa94-04c1-424b-9868-57a2d4851a1d" relativeResultsDirectory="ccd98c92-c89f-4342-a7b4-dcf2aad2dd29" />
    <UnitTestResult executionId="d6c1a85c-5df9-4d1a-bee5-caf2d3b8eee8" testId="ea7e5d06-1262-773c-f3ec-2a8dca0230bd" testName="TinadecCore.Api.Tests.ConfigurationDocumentTests.CopiedConfigurationMaterializesProviderContentInIndependentProjectDatabase" computerName="LINSTATION" duration="00:00:02.6435194" startTime="2026-10-09T16:30:10.1867628+08:00" endTime="2026-10-09T16:30:12.8306934+08:00" testType="13cdc9d9-ddb5-4fa4-a97d-d965ccfc6d4b" outcome="Passed" testListId="8c84fa94-04c1-424b-9868-57a2d4851a1d" relativeResultsDirectory="d6c1a85c-5df9-4d1a-bee5-caf2d3b8eee8" />
  </Results>
  <TestDefinitions>
    <UnitTest name="TinadecCore.Api.Tests.ConfigurationDocumentTests.PublishedProjectMissingFileIsRejectedWithoutLocalStateOrSqlHistory" storage="c:\git\agent\tinadecoffice\.tinadec_dev\tmp\config-file-artifacts\bin\configfile.tests\debug\tinadeccore.api.tests.dll" id="9ac02505-6bca-332a-54aa-70e58290037e">
      <Execution id="1784de92-f4f8-4fbf-b8f9-15f5c9605cfa" />
      <TestMethod codeBase="C:\git\agent\TinadecOffice\.tinadec_dev\tmp\config-file-artifacts\bin\ConfigFile.Tests\debug\TinadecCore.Api.Tests.dll" adapterTypeName="executor://xunit/VsTestRunner3/netcore/" className="TinadecCore.Api.Tests.ConfigurationDocumentTests" name="PublishedProjectMissingFileIsRejectedWithoutLocalStateOrSqlHistory" />
    </UnitTest>
    <UnitTest name="TinadecCore.Api.Tests.ConfigurationDocumentTests.AnEditCreatedBeforeExternalFileChangeCannotOverwriteIt" storage="c:\git\agent\tinadecoffice\.tinadec_dev\tmp\config-file-artifacts\bin\configfile.tests\debug\tinadeccore.api.tests.dll" id="a0d3f395-07db-0ffb-ccce-0c2c9cda9186">
      <Execution id="ccd057e3-a68f-434d-a747-cdb9e3ae2caa" />
      <TestMethod codeBase="C:\git\agent\TinadecOffice\.tinadec_dev\tmp\config-file-artifacts\bin\ConfigFile.Tests\debug\TinadecCore.Api.Tests.dll" adapterTypeName="executor://xunit/VsTestRunner3/netcore/" className="TinadecCore.Api.Tests.ConfigurationDocumentTests" name="AnEditCreatedBeforeExternalFileChangeCannotOverwriteIt" />
    </UnitTest>
    <UnitTest name="TinadecCore.Api.Tests.ConfigurationDocumentTests.NativeBindingErrorsAndNullSentinelsCannotChangeAuthoritativeBytes" storage="c:\git\agent\tinadecoffice\.tinadec_dev\tmp\config-file-artifacts\bin\configfile.tests\debug\tinadeccore.api.tests.dll" id="3ed4a490-a6ef-bd3f-7ee4-63ea370e874d">
      <Execution id="d8e7bf0c-4bb1-41d9-bbda-8009f0d6354e" />
      <TestMethod codeBase="C:\git\agent\TinadecOffice\.tinadec_dev\tmp\config-file-artifacts\bin\ConfigFile.Tests\debug\TinadecCore.Api.Tests.dll" adapterTypeName="executor://xunit/VsTestRunner3/netcore/" className="TinadecCore.Api.Tests.ConfigurationDocumentTests" name="NativeBindingErrorsAndNullSentinelsCannotChangeAuthoritativeBytes" />
    </UnitTest>
    <UnitTest name="TinadecCore.Api.Tests.ConfigurationDocumentTests.MissingStorageConfigurationBlocksCompilation" storage="c:\git\agent\tinadecoffice\.tinadec_dev\tmp\config-file-artifacts\bin\configfile.tests\debug\tinadeccore.api.tests.dll" id="b6f5b400-17d4-1629-538e-a66016fb8923">
      <Execution id="a9242345-65a1-49aa-bea1-841e74d41577" />
      <TestMethod codeBase="C:\git\agent\TinadecOffice\.tinadec_dev\tmp\config-file-artifacts\bin\ConfigFile.Tests\debug\TinadecCore.Api.Tests.dll" adapterTypeName="executor://xunit/VsTestRunner3/netcore/" className="TinadecCore.Api.Tests.ConfigurationDocumentTests" name="MissingStorageConfigurationBlocksCompilation" />
    </UnitTest>
    <UnitTest name="TinadecCore.Api.Tests.ConfigurationDocumentTests.StorageAndLoggingValidateAndChangedBackendBlocksAdmissionUntilApplied" storage="c:\git\agent\tinadecoffice\.tinadec_dev\tmp\config-file-artifacts\bin\configfile.tests\debug\tinadeccore.api.tests.dll" id="5bfe2cee-03b7-4ed6-f506-abcc2830f67a">
      <Execution id="1149ab52-df14-4b07-a798-3134cd6fa345" />
      <TestMethod codeBase="C:\git\agent\TinadecOffice\.tinadec_dev\tmp\config-file-artifacts\bin\ConfigFile.Tests\debug\TinadecCore.Api.Tests.dll" adapterTypeName="executor://xunit/VsTestRunner3/netcore/" className="TinadecCore.Api.Tests.ConfigurationDocumentTests" name="StorageAndLoggingValidateAndChangedBackendBlocksAdmissionUntilApplied" />
    </UnitTest>
    <UnitTest name="TinadecCore.Api.Tests.ConfigurationDocumentTests.DuplicateLogicalIdentityIsRejectedBeforeTheFileCommit" storage="c:\git\agent\tinadecoffice\.tinadec_dev\tmp\config-file-artifacts\bin\configfile.tests\debug\tinadeccore.api.tests.dll" id="0ad6f18b-ba54-c2d7-a20e-3d54e98676da">
      <Execution id="502bb2f3-599b-4c09-a1f0-b51c141686dd" />
      <TestMethod codeBase="C:\git\agent\TinadecOffice\.tinadec_dev\tmp\config-file-artifacts\bin\ConfigFile.Tests\debug\TinadecCore.Api.Tests.dll" adapterTypeName="executor://xunit/VsTestRunner3/netcore/" className="TinadecCore.Api.Tests.ConfigurationDocumentTests" name="DuplicateLogicalIdentityIsRejectedBeforeTheFileCommit" />
    </UnitTest>
    <UnitTest name="TinadecCore.Api.Tests.ConfigurationDocumentTests.NativeBindingsRoundTripGuiWritesManualModesAndFrozenHistory" storage="c:\git\agent\tinadecoffice\.tinadec_dev\tmp\config-file-artifacts\bin\configfile.tests\debug\tinadeccore.api.tests.dll" id="7cc7b489-6b0c-33a7-f0a1-6c1d20d33136">
      <Execution id="cb4543d7-06cb-4609-94bc-f3ee8f8706db" />
      <TestMethod codeBase="C:\git\agent\TinadecOffice\.tinadec_dev\tmp\config-file-artifacts\bin\ConfigFile.Tests\debug\TinadecCore.Api.Tests.dll" adapterTypeName="executor://xunit/VsTestRunner3/netcore/" className="TinadecCore.Api.Tests.ConfigurationDocumentTests" name="NativeBindingsRoundTripGuiWritesManualModesAndFrozenHistory" />
    </UnitTest>
    <UnitTest name="TinadecCore.Api.Tests.ConfigurationDocumentTests.EmptyConfigurationCannotEraseTheFileProjection" storage="c:\git\agent\tinadecoffice\.tinadec_dev\tmp\config-file-artifacts\bin\configfile.tests\debug\tinadeccore.api.tests.dll" id="55a50f38-fb39-f5d7-4262-ed22a144a256">
      <Execution id="6905cdc3-e141-4d4f-8b5f-9d3ac3a0da23" />
      <TestMethod codeBase="C:\git\agent\TinadecOffice\.tinadec_dev\tmp\config-file-artifacts\bin\ConfigFile.Tests\debug\TinadecCore.Api.Tests.dll" adapterTypeName="executor://xunit/VsTestRunner3/netcore/" className="TinadecCore.Api.Tests.ConfigurationDocumentTests" name="EmptyConfigurationCannotEraseTheFileProjection" />
    </UnitTest>
    <UnitTest name="TinadecCore.Api.Tests.ConfigurationDocumentTests.HostBootstrapCannotReseedDeletedRuntimeStorageOrLoggingFiles" storage="c:\git\agent\tinadecoffice\.tinadec_dev\tmp\config-file-artifacts\bin\configfile.tests\debug\tinadeccore.api.tests.dll" id="716b0afa-53ba-f1e5-2cd9-769c93c01385">
      <Execution id="872a39b4-65cf-4d08-bbf8-40a7029fa5ef" />
      <TestMethod codeBase="C:\git\agent\TinadecOffice\.tinadec_dev\tmp\config-file-artifacts\bin\ConfigFile.Tests\debug\TinadecCore.Api.Tests.dll" adapterTypeName="executor://xunit/VsTestRunner3/netcore/" className="TinadecCore.Api.Tests.ConfigurationDocumentTests" name="HostBootstrapCannotReseedDeletedRuntimeStorageOrLoggingFiles" />
    </UnitTest>
    <UnitTest name="TinadecCore.Api.Tests.ConfigurationDocumentTests.MissingEstablishedFileCannotBeRegeneratedFromSqlAfterRestart" storage="c:\git\agent\tinadecoffice\.tinadec_dev\tmp\config-file-artifacts\bin\configfile.tests\debug\tinadeccore.api.tests.dll" id="e395a1d6-45b3-cda8-e391-7952b81ca34c">
      <Execution id="dd59b6d5-e2c2-497f-9610-9b4ffeb613d1" />
      <TestMethod codeBase="C:\git\agent\TinadecOffice\.tinadec_dev\tmp\config-file-artifacts\bin\ConfigFile.Tests\debug\TinadecCore.Api.Tests.dll" adapterTypeName="executor://xunit/VsTestRunner3/netcore/" className="TinadecCore.Api.Tests.ConfigurationDocumentTests" name="MissingEstablishedFileCannotBeRegeneratedFromSqlAfterRestart" />
    </UnitTest>
    <UnitTest name="TinadecCore.Api.Tests.ConfigurationDocumentTests.RetiredFileVersionRemainsHistoryAndCannotSupplyAnActiveDefault" storage="c:\git\agent\tinadecoffice\.tinadec_dev\tmp\config-file-artifacts\bin\configfile.tests\debug\tinadeccore.api.tests.dll" id="288bd30a-edf1-9595-656b-277f70c3a574">
      <Execution id="c0abaef1-6dea-4158-b027-c0279e055543" />
      <TestMethod codeBase="C:\git\agent\TinadecOffice\.tinadec_dev\tmp\config-file-artifacts\bin\ConfigFile.Tests\debug\TinadecCore.Api.Tests.dll" adapterTypeName="executor://xunit/VsTestRunner3/netcore/" className="TinadecCore.Api.Tests.ConfigurationDocumentTests" name="RetiredFileVersionRemainsHistoryAndCannotSupplyAnActiveDefault" />
    </UnitTest>
    <UnitTest name="TinadecCore.Api.Tests.ConfigurationDocumentTests.CompileDigestRejectsAnEditAfterAdmissionStarted" storage="c:\git\agent\tinadecoffice\.tinadec_dev\tmp\config-file-artifacts\bin\configfile.tests\debug\tinadeccore.api.tests.dll" id="ddc2ab2e-1fe3-38de-a23e-6b30f98d154d">
      <Execution id="35297ae0-114d-468b-a6cb-e5e1db54d679" />
      <TestMethod codeBase="C:\git\agent\TinadecOffice\.tinadec_dev\tmp\config-file-artifacts\bin\ConfigFile.Tests\debug\TinadecCore.Api.Tests.dll" adapterTypeName="executor://xunit/VsTestRunner3/netcore/" className="TinadecCore.Api.Tests.ConfigurationDocumentTests" name="CompileDigestRejectsAnEditAfterAdmissionStarted" />
    </UnitTest>
    <UnitTest name="TinadecCore.Api.Tests.ConfigurationDocumentTests.SaveValidatesFieldTypesBeforeCommittingTheFile" storage="c:\git\agent\tinadecoffice\.tinadec_dev\tmp\config-file-artifacts\bin\configfile.tests\debug\tinadeccore.api.tests.dll" id="a1333d9e-2623-5222-4653-5dc1334d1b07">
      <Execution id="ccd98c92-c89f-4342-a7b4-dcf2aad2dd29" />
      <TestMethod codeBase="C:\git\agent\TinadecOffice\.tinadec_dev\tmp\config-file-artifacts\bin\ConfigFile.Tests\debug\TinadecCore.Api.Tests.dll" adapterTypeName="executor://xunit/VsTestRunner3/netcore/" className="TinadecCore.Api.Tests.ConfigurationDocumentTests" name="SaveValidatesFieldTypesBeforeCommittingTheFile" />
    </UnitTest>
    <UnitTest name="TinadecCore.Api.Tests.ConfigurationDocumentTests.NativeJsonValuesUseOmittedInheritanceAndRejectAmbiguousArrayNulls" storage="c:\git\agent\tinadecoffice\.tinadec_dev\tmp\config-file-artifacts\bin\configfile.tests\debug\tinadeccore.api.tests.dll" id="c4a09a60-84e1-6a5b-abe6-254b9ac261d1">
      <Execution id="f8b76c5f-e9aa-477a-8218-de454b974db3" />
      <TestMethod codeBase="C:\git\agent\TinadecOffice\.tinadec_dev\tmp\config-file-artifacts\bin\ConfigFile.Tests\debug\TinadecCore.Api.Tests.dll" adapterTypeName="executor://xunit/VsTestRunner3/netcore/" className="TinadecCore.Api.Tests.ConfigurationDocumentTests" name="NativeJsonValuesUseOmittedInheritanceAndRejectAmbiguousArrayNulls" />
    </UnitTest>
    <UnitTest name="TinadecCore.Api.Tests.ConfigurationDocumentTests.CopiedConfigurationMaterializesProviderContentInIndependentProjectDatabase" storage="c:\git\agent\tinadecoffice\.tinadec_dev\tmp\config-file-artifacts\bin\configfile.tests\debug\tinadeccore.api.tests.dll" id="ea7e5d06-1262-773c-f3ec-2a8dca0230bd">
      <Execution id="d6c1a85c-5df9-4d1a-bee5-caf2d3b8eee8" />
      <TestMethod codeBase="C:\git\agent\TinadecOffice\.tinadec_dev\tmp\config-file-artifacts\bin\ConfigFile.Tests\debug\TinadecCore.Api.Tests.dll" adapterTypeName="executor://xunit/VsTestRunner3/netcore/" className="TinadecCore.Api.Tests.ConfigurationDocumentTests" name="CopiedConfigurationMaterializesProviderContentInIndependentProjectDatabase" />
    </UnitTest>
    <UnitTest name="TinadecCore.Api.Tests.ConfigurationDocumentTests.UserStorageIdentityIsStableConcurrentAndNewRootsHaveIndependentSchemas" storage="c:\git\agent\tinadecoffice\.tinadec_dev\tmp\config-file-artifacts\bin\configfile.tests\debug\tinadeccore.api.tests.dll" id="f085dc34-a86f-5674-96e4-3c15c514e3d3">
      <Execution id="7524332a-641d-4424-a9ef-dafd1641e883" />
      <TestMethod codeBase="C:\git\agent\TinadecOffice\.tinadec_dev\tmp\config-file-artifacts\bin\ConfigFile.Tests\debug\TinadecCore.Api.Tests.dll" adapterTypeName="executor://xunit/VsTestRunner3/netcore/" className="TinadecCore.Api.Tests.ConfigurationDocumentTests" name="UserStorageIdentityIsStableConcurrentAndNewRootsHaveIndependentSchemas" />
    </UnitTest>
    <UnitTest name="TinadecCore.Api.Tests.ConfigurationDocumentTests.GuiWritesTomlAndManualEditRebuildsProjectionWithCommentsPreserved" storage="c:\git\agent\tinadecoffice\.tinadec_dev\tmp\config-file-artifacts\bin\configfile.tests\debug\tinadeccore.api.tests.dll" id="a71a623e-db5a-2055-74a9-8df5085a877e">
      <Execution id="02f3d06c-e5d9-4ef1-a0f2-acb3d736bd06" />
      <TestMethod codeBase="C:\git\agent\TinadecOffice\.tinadec_dev\tmp\config-file-artifacts\bin\ConfigFile.Tests\debug\TinadecCore.Api.Tests.dll" adapterTypeName="executor://xunit/VsTestRunner3/netcore/" className="TinadecCore.Api.Tests.ConfigurationDocumentTests" name="GuiWritesTomlAndManualEditRebuildsProjectionWithCommentsPreserved" />
    </UnitTest>
    <UnitTest name="TinadecCore.Api.Tests.ConfigurationDocumentTests.AgentPackEnvelopeBytesAndSemanticDigestRebuildInAnIndependentScope" storage="c:\git\agent\tinadecoffice\.tinadec_dev\tmp\config-file-artifacts\bin\configfile.tests\debug\tinadeccore.api.tests.dll" id="1dfb6127-5505-90e4-edbf-ec71598cf4b0">
      <Execution id="94638609-6446-4425-b1f1-02f54b707b9c" />
      <TestMethod codeBase="C:\git\agent\TinadecOffice\.tinadec_dev\tmp\config-file-artifacts\bin\ConfigFile.Tests\debug\TinadecCore.Api.Tests.dll" adapterTypeName="executor://xunit/VsTestRunner3/netcore/" className="TinadecCore.Api.Tests.ConfigurationDocumentTests" name="AgentPackEnvelopeBytesAndSemanticDigestRebuildInAnIndependentScope" />
    </UnitTest>
    <UnitTest name="TinadecCore.Api.Tests.ConfigurationDocumentTests.ConditionalSaveRejectsStaleHashAndInvalidTomlWithoutChangingBytes" storage="c:\git\agent\tinadecoffice\.tinadec_dev\tmp\config-file-artifacts\bin\configfile.tests\debug\tinadeccore.api.tests.dll" id="c7a0df45-135a-5e43-d6f8-a68ddd34432a">
      <Execution id="5bb213e9-1700-4b22-8937-e118abdd83e6" />
      <TestMethod codeBase="C:\git\agent\TinadecOffice\.tinadec_dev\tmp\config-file-artifacts\bin\ConfigFile.Tests\debug\TinadecCore.Api.Tests.dll" adapterTypeName="executor://xunit/VsTestRunner3/netcore/" className="TinadecCore.Api.Tests.ConfigurationDocumentTests" name="ConditionalSaveRejectsStaleHashAndInvalidTomlWithoutChangingBytes" />
    </UnitTest>
  </TestDefinitions>
  <TestEntries>
    <TestEntry testId="3ed4a490-a6ef-bd3f-7ee4-63ea370e874d" executionId="d8e7bf0c-4bb1-41d9-bbda-8009f0d6354e" testListId="8c84fa94-04c1-424b-9868-57a2d4851a1d" />
    <TestEntry testId="a0d3f395-07db-0ffb-ccce-0c2c9cda9186" executionId="ccd057e3-a68f-434d-a747-cdb9e3ae2caa" testListId="8c84fa94-04c1-424b-9868-57a2d4851a1d" />
    <TestEntry testId="9ac02505-6bca-332a-54aa-70e58290037e" executionId="1784de92-f4f8-4fbf-b8f9-15f5c9605cfa" testListId="8c84fa94-04c1-424b-9868-57a2d4851a1d" />
    <TestEntry testId="f085dc34-a86f-5674-96e4-3c15c514e3d3" executionId="7524332a-641d-4424-a9ef-dafd1641e883" testListId="8c84fa94-04c1-424b-9868-57a2d4851a1d" />
    <TestEntry testId="716b0afa-53ba-f1e5-2cd9-769c93c01385" executionId="872a39b4-65cf-4d08-bbf8-40a7029fa5ef" testListId="8c84fa94-04c1-424b-9868-57a2d4851a1d" />
    <TestEntry testId="7cc7b489-6b0c-33a7-f0a1-6c1d20d33136" executionId="cb4543d7-06cb-4609-94bc-f3ee8f8706db" testListId="8c84fa94-04c1-424b-9868-57a2d4851a1d" />
    <TestEntry testId="5bfe2cee-03b7-4ed6-f506-abcc2830f67a" executionId="1149ab52-df14-4b07-a798-3134cd6fa345" testListId="8c84fa94-04c1-424b-9868-57a2d4851a1d" />
    <TestEntry testId="a71a623e-db5a-2055-74a9-8df5085a877e" executionId="02f3d06c-e5d9-4ef1-a0f2-acb3d736bd06" testListId="8c84fa94-04c1-424b-9868-57a2d4851a1d" />
    <TestEntry testId="b6f5b400-17d4-1629-538e-a66016fb8923" executionId="a9242345-65a1-49aa-bea1-841e74d41577" testListId="8c84fa94-04c1-424b-9868-57a2d4851a1d" />
    <TestEntry testId="c4a09a60-84e1-6a5b-abe6-254b9ac261d1" executionId="f8b76c5f-e9aa-477a-8218-de454b974db3" testListId="8c84fa94-04c1-424b-9868-57a2d4851a1d" />
    <TestEntry testId="e395a1d6-45b3-cda8-e391-7952b81ca34c" executionId="dd59b6d5-e2c2-497f-9610-9b4ffeb613d1" testListId="8c84fa94-04c1-424b-9868-57a2d4851a1d" />
    <TestEntry testId="c7a0df45-135a-5e43-d6f8-a68ddd34432a" executionId="5bb213e9-1700-4b22-8937-e118abdd83e6" testListId="8c84fa94-04c1-424b-9868-57a2d4851a1d" />
    <TestEntry testId="55a50f38-fb39-f5d7-4262-ed22a144a256" executionId="6905cdc3-e141-4d4f-8b5f-9d3ac3a0da23" testListId="8c84fa94-04c1-424b-9868-57a2d4851a1d" />
    <TestEntry testId="288bd30a-edf1-9595-656b-277f70c3a574" executionId="c0abaef1-6dea-4158-b027-c0279e055543" testListId="8c84fa94-04c1-424b-9868-57a2d4851a1d" />
    <TestEntry testId="1dfb6127-5505-90e4-edbf-ec71598cf4b0" executionId="94638609-6446-4425-b1f1-02f54b707b9c" testListId="8c84fa94-04c1-424b-9868-57a2d4851a1d" />
    <TestEntry testId="ddc2ab2e-1fe3-38de-a23e-6b30f98d154d" executionId="35297ae0-114d-468b-a6cb-e5e1db54d679" testListId="8c84fa94-04c1-424b-9868-57a2d4851a1d" />
    <TestEntry testId="0ad6f18b-ba54-c2d7-a20e-3d54e98676da" executionId="502bb2f3-599b-4c09-a1f0-b51c141686dd" testListId="8c84fa94-04c1-424b-9868-57a2d4851a1d" />
    <TestEntry testId="a1333d9e-2623-5222-4653-5dc1334d1b07" executionId="ccd98c92-c89f-4342-a7b4-dcf2aad2dd29" testListId="8c84fa94-04c1-424b-9868-57a2d4851a1d" />
    <TestEntry testId="ea7e5d06-1262-773c-f3ec-2a8dca0230bd" executionId="d6c1a85c-5df9-4d1a-bee5-caf2d3b8eee8" testListId="8c84fa94-04c1-424b-9868-57a2d4851a1d" />
  </TestEntries>
  <TestLists>
    <TestList name="列表中未列出的结果" id="8c84fa94-04c1-424b-9868-57a2d4851a1d" />
    <TestList name="所有已加载的结果" id="19431567-8539-422a-85d7-44ee4e166bda" />
  </TestLists>
  <ResultSummary outcome="Completed">
    <Counters total="19" executed="19" passed="19" failed="0" error="0" timeout="0" aborted="0" inconclusive="0" passedButRunAborted="0" notRunnable="0" notExecuted="0" disconnected="0" warning="0" completed="0" inProgress="0" pending="0" />
    <Output>
      <StdOut>[xUnit.net 00:00:00.00] xUnit.net VSTest Adapter v3.1.4+50e68bbb8b (64-bit .NET 10.0.11)&#xD;
[xUnit.net 00:00:00.24]   Discovering: TinadecCore.Api.Tests&#xD;
[xUnit.net 00:00:00.44]   Discovered:  TinadecCore.Api.Tests&#xD;
[xUnit.net 00:00:00.49]   Starting:    TinadecCore.Api.Tests&#xD;
[xUnit.net 00:00:18.05]   Finished:    TinadecCore.Api.Tests&#xD;
</StdOut>
    </Output>
  </ResultSummary>
</TestRun>