<?xml version="1.0" encoding="utf-8"?>
<TestRun id="fae5e4e1-11b0-4867-98b5-5bb1669bbc21" name="lincu@LINSTATION 2026-10-09 15:50:07" runUser="LINSTATION\lincu" xmlns="http://microsoft.com/schemas/VisualStudio/TeamTest/2010">
  <Times creation="2026-10-09T15:50:07.6256110+08:00" queuing="2026-10-09T15:50:07.6256116+08:00" start="2026-10-09T15:50:05.2766768+08:00" finish="2026-10-09T15:54:22.4560724+08:00" />
  <TestSettings name="default" id="d2675313-0fff-42f1-9ca6-67838bafaf9c">
    <Deployment runDeploymentRoot="lincu_LINSTATION_2026-10-09_15_50_07" />
  </TestSettings>
  <Results>
    <UnitTestResult executionId="7d7d4603-d974-4cef-bc5a-e6980c50753b" testId="3b3c8904-0b0a-8503-246f-49e015a5a102" testName="TinadecCore.Api.Tests.VectorPersistenceTests.ProjectVectorDatabase_SearchesWithinProjectAndDeletesSources" computerName="LINSTATION" duration="00:00:12.5104177" startTime="2026-10-09T15:54:09.5554926+08:00" endTime="2026-10-09T15:54:22.1393148+08:00" testType="13cdc9d9-ddb5-4fa4-a97d-d965ccfc6d4b" outcome="Passed" testListId="8c84fa94-04c1-424b-9868-57a2d4851a1d" relativeResultsDirectory="7d7d4603-d974-4cef-bc5a-e6980c50753b" />
    <UnitTestResult executionId="7e44c814-5019-44c8-96f4-b25c23967d8b" testId="c9e916cd-55ad-977a-01ad-29c880456f91" testName="TinadecCore.Api.Tests.StorageScopeApiTests.DeletingProjectStorage_RequiresItsPreview_AndPreservesCode" computerName="LINSTATION" duration="00:00:19.3944745" startTime="2026-10-09T15:50:50.3909583+08:00" endTime="2026-10-09T15:51:09.8502368+08:00" testType="13cdc9d9-ddb5-4fa4-a97d-d965ccfc6d4b" outcome="Failed" testListId="8c84fa94-04c1-424b-9868-57a2d4851a1d" relativeResultsDirectory="7e44c814-5019-44c8-96f4-b25c23967d8b">
      <Output>
        <ErrorInfo>
          <Message>{"type":"https://tinadec.dev/errors/conflict","title":"conflict","status":409,"detail":"Could not find file 'C:\\Users\\lincu\\AppData\\Local\\Temp\\tinadec-scopes\\993b64b0a3d547baa1fb5477a4febff1\\delete-storage\\.tinadec\\data\\tinadec.db-shm'.","trace_id":"0HNP5R7ROVKKV","code":"conflict"}</Message>
          <StackTrace>   at TinadecCore.Api.Tests.StorageScopeApiTests.DeletingProjectStorage_RequiresItsPreview_AndPreservesCode() in C:\git\agent\TinadecOffice\TinadecCore\tests\TinadecCore.Api.Tests\StorageScopeApiTests.cs:line 188&#xD;
--- End of stack trace from previous location ---</StackTrace>
        </ErrorInfo>
      </Output>
    </UnitTestResult>
    <UnitTestResult executionId="4720a3e4-05d6-4454-8c32-03b2696bcbb0" testId="c169852d-77a5-43af-8d36-ac4b69c1a2b3" testName="TinadecCore.Api.Tests.StorageScopeApiTests.ChangingStorageRoot_CreatesIndependentData_AndRetainsOldStoreAndProjectIdentity" computerName="LINSTATION" duration="00:00:24.4612863" startTime="2026-10-09T15:52:39.5090074+08:00" endTime="2026-10-09T15:53:04.1992834+08:00" testType="13cdc9d9-ddb5-4fa4-a97d-d965ccfc6d4b" outcome="Passed" testListId="8c84fa94-04c1-424b-9868-57a2d4851a1d" relativeResultsDirectory="4720a3e4-05d6-4454-8c32-03b2696bcbb0" />
    <UnitTestResult executionId="e96323a7-96db-4659-a311-ffff108b8bc2" testId="ca1c6533-e73b-11ab-ce1f-be81273a3736" testName="TinadecCore.Api.Tests.StorageScopeApiTests.Close_WaitsForAnExistingLease_AndCancellationRestoresAdmission" computerName="LINSTATION" duration="00:00:26.1297439" startTime="2026-10-09T15:53:04.2001219+08:00" endTime="2026-10-09T15:53:30.4424640+08:00" testType="13cdc9d9-ddb5-4fa4-a97d-d965ccfc6d4b" outcome="Passed" testListId="8c84fa94-04c1-424b-9868-57a2d4851a1d" relativeResultsDirectory="e96323a7-96db-4659-a311-ffff108b8bc2" />
    <UnitTestResult executionId="4d51952f-b10d-40f8-bdb5-c6a929544949" testId="e5d14ae3-ffa3-ef61-a700-64000a45384b" testName="TinadecCore.Api.Tests.ScopeLoggingTests.CombinedBudgetRotatesAndRemovesOnlyRecognizedClosedLogs" computerName="LINSTATION" duration="00:00:00.1249267" startTime="2026-10-09T15:50:06.7300200+08:00" endTime="2026-10-09T15:50:06.8728494+08:00" testType="13cdc9d9-ddb5-4fa4-a97d-d965ccfc6d4b" outcome="Passed" testListId="8c84fa94-04c1-424b-9868-57a2d4851a1d" relativeResultsDirectory="4d51952f-b10d-40f8-bdb5-c6a929544949" />
    <UnitTestResult executionId="37b6334e-d9a2-4f2c-863a-4bcb78c6aee2" testId="7fd573ab-79db-9448-984d-55e9c18d9470" testName="TinadecCore.Api.Tests.StorageScopeApiTests.ExternalMode_RecoversItsRegistration_WithoutWritingProjectStorage" computerName="LINSTATION" duration="00:00:38.8951410" startTime="2026-10-09T15:53:30.4436492+08:00" endTime="2026-10-09T15:54:09.5490583+08:00" testType="13cdc9d9-ddb5-4fa4-a97d-d965ccfc6d4b" outcome="Passed" testListId="8c84fa94-04c1-424b-9868-57a2d4851a1d" relativeResultsDirectory="37b6334e-d9a2-4f2c-863a-4bcb78c6aee2" />
    <UnitTestResult executionId="fbce3168-75ab-4677-a560-be95a6b97323" testId="1a911373-9cb7-6248-7eaa-09dca20340d7" testName="TinadecCore.Api.Tests.StorageScopeApiTests.CacheCleanup_RequiresPreview_AndPreservesDataConfigAndCredentials" computerName="LINSTATION" duration="00:00:24.5510387" startTime="2026-10-09T15:50:06.8970247+08:00" endTime="2026-10-09T15:50:31.5355436+08:00" testType="13cdc9d9-ddb5-4fa4-a97d-d965ccfc6d4b" outcome="Passed" testListId="8c84fa94-04c1-424b-9868-57a2d4851a1d" relativeResultsDirectory="fbce3168-75ab-4677-a560-be95a6b97323" />
    <UnitTestResult executionId="57bfa167-4636-49a1-adf4-8d388fe1f0f1" testId="a33f4e36-0ce3-bd81-c650-344f356e129b" testName="TinadecCore.Api.Tests.StorageScopeApiTests.Move_RebindsHostIdentity_WhileCopyGetsIndependentStorageIdentity" computerName="LINSTATION" duration="00:00:46.5489123" startTime="2026-10-09T15:51:09.8603669+08:00" endTime="2026-10-09T15:51:56.4934966+08:00" testType="13cdc9d9-ddb5-4fa4-a97d-d965ccfc6d4b" outcome="Passed" testListId="8c84fa94-04c1-424b-9868-57a2d4851a1d" relativeResultsDirectory="57bfa167-4636-49a1-adf4-8d388fe1f0f1" />
    <UnitTestResult executionId="b3f44365-9e4a-4d9c-85e2-4cc663cc09d5" testId="24422926-8e90-36c6-8386-2df511eb57a9" testName="TinadecCore.Api.Tests.StorageScopeApiTests.UntrustedLoopbackCannotReadDataInitializeStorageOrApproveActions" computerName="LINSTATION" duration="00:00:08.7268944" startTime="2026-10-09T15:51:56.4944434+08:00" endTime="2026-10-09T15:52:05.2478774+08:00" testType="13cdc9d9-ddb5-4fa4-a97d-d965ccfc6d4b" outcome="Passed" testListId="8c84fa94-04c1-424b-9868-57a2d4851a1d" relativeResultsDirectory="b3f44365-9e4a-4d9c-85e2-4cc663cc09d5" />
    <UnitTestResult executionId="ca71c790-19a5-4e2c-84cd-635e8107a595" testId="6db3ae40-a08b-65c7-bcfc-041e7a2f5235" testName="TinadecCore.Api.Tests.StorageScopeApiTests.ConcurrentOpen_IsIdempotent_AndDoesNotOverwriteProjectConfiguration" computerName="LINSTATION" duration="00:00:18.6493011" startTime="2026-10-09T15:50:31.5418912+08:00" endTime="2026-10-09T15:50:50.3887319+08:00" testType="13cdc9d9-ddb5-4fa4-a97d-d965ccfc6d4b" outcome="Passed" testListId="8c84fa94-04c1-424b-9868-57a2d4851a1d" relativeResultsDirectory="ca71c790-19a5-4e2c-84cd-635e8107a595" />
    <UnitTestResult executionId="48316084-cd2b-4b58-94ee-99bd32dd46c0" testId="4cfd5703-009b-f2e9-f13e-f863ef3c4084" testName="TinadecCore.Api.Tests.StorageScopeApiTests.ProjectRequests_AreIsolated_AndUnknownScopeCannotSelectArbitraryStorage" computerName="LINSTATION" duration="00:00:26.2142320" startTime="2026-10-09T15:52:05.2486048+08:00" endTime="2026-10-09T15:52:31.5156984+08:00" testType="13cdc9d9-ddb5-4fa4-a97d-d965ccfc6d4b" outcome="Passed" testListId="8c84fa94-04c1-424b-9868-57a2d4851a1d" relativeResultsDirectory="48316084-cd2b-4b58-94ee-99bd32dd46c0" />
    <UnitTestResult executionId="6f47836a-f1f1-4ad1-8db4-2dc8d7c706d7" testId="83b1b9ce-6ec1-80d8-b0d9-95817aa14463" testName="TinadecCore.Api.Tests.StorageScopeApiTests.ConflictingOrCorruptStorage_IsReportedAndNeverOverwritten" computerName="LINSTATION" duration="00:00:07.9716686" startTime="2026-10-09T15:52:31.5164728+08:00" endTime="2026-10-09T15:52:39.5084414+08:00" testType="13cdc9d9-ddb5-4fa4-a97d-d965ccfc6d4b" outcome="Passed" testListId="8c84fa94-04c1-424b-9868-57a2d4851a1d" relativeResultsDirectory="6f47836a-f1f1-4ad1-8db4-2dc8d7c706d7" />
  </Results>
  <TestDefinitions>
    <UnitTest name="TinadecCore.Api.Tests.VectorPersistenceTests.ProjectVectorDatabase_SearchesWithinProjectAndDeletesSources" storage="c:\git\agent\tinadecoffice\.tinadec_dev\tmp\storage-debug-build\bin\tinadeccore.api.tests\debug\tinadeccore.api.tests.dll" id="3b3c8904-0b0a-8503-246f-49e015a5a102">
      <Execution id="7d7d4603-d974-4cef-bc5a-e6980c50753b" />
      <TestMethod codeBase="C:\git\agent\TinadecOffice\.tinadec_dev\tmp\storage-debug-build\bin\TinadecCore.Api.Tests\debug\TinadecCore.Api.Tests.dll" adapterTypeName="executor://xunit/VsTestRunner3/netcore/" className="TinadecCore.Api.Tests.VectorPersistenceTests" name="ProjectVectorDatabase_SearchesWithinProjectAndDeletesSources" />
    </UnitTest>
    <UnitTest name="TinadecCore.Api.Tests.StorageScopeApiTests.ChangingStorageRoot_CreatesIndependentData_AndRetainsOldStoreAndProjectIdentity" storage="c:\git\agent\tinadecoffice\.tinadec_dev\tmp\storage-debug-build\bin\tinadeccore.api.tests\debug\tinadeccore.api.tests.dll" id="c169852d-77a5-43af-8d36-ac4b69c1a2b3">
      <Execution id="4720a3e4-05d6-4454-8c32-03b2696bcbb0" />
      <TestMethod codeBase="C:\git\agent\TinadecOffice\.tinadec_dev\tmp\storage-debug-build\bin\TinadecCore.Api.Tests\debug\TinadecCore.Api.Tests.dll" adapterTypeName="executor://xunit/VsTestRunner3/netcore/" className="TinadecCore.Api.Tests.StorageScopeApiTests" name="ChangingStorageRoot_CreatesIndependentData_AndRetainsOldStoreAndProjectIdentity" />
    </UnitTest>
    <UnitTest name="TinadecCore.Api.Tests.StorageScopeApiTests.ConcurrentOpen_IsIdempotent_AndDoesNotOverwriteProjectConfiguration" storage="c:\git\agent\tinadecoffice\.tinadec_dev\tmp\storage-debug-build\bin\tinadeccore.api.tests\debug\tinadeccore.api.tests.dll" id="6db3ae40-a08b-65c7-bcfc-041e7a2f5235">
      <Execution id="ca71c790-19a5-4e2c-84cd-635e8107a595" />
      <TestMethod codeBase="C:\git\agent\TinadecOffice\.tinadec_dev\tmp\storage-debug-build\bin\TinadecCore.Api.Tests\debug\TinadecCore.Api.Tests.dll" adapterTypeName="executor://xunit/VsTestRunner3/netcore/" className="TinadecCore.Api.Tests.StorageScopeApiTests" name="ConcurrentOpen_IsIdempotent_AndDoesNotOverwriteProjectConfiguration" />
    </UnitTest>
    <UnitTest name="TinadecCore.Api.Tests.StorageScopeApiTests.UntrustedLoopbackCannotReadDataInitializeStorageOrApproveActions" storage="c:\git\agent\tinadecoffice\.tinadec_dev\tmp\storage-debug-build\bin\tinadeccore.api.tests\debug\tinadeccore.api.tests.dll" id="24422926-8e90-36c6-8386-2df511eb57a9">
      <Execution id="b3f44365-9e4a-4d9c-85e2-4cc663cc09d5" />
      <TestMethod codeBase="C:\git\agent\TinadecOffice\.tinadec_dev\tmp\storage-debug-build\bin\TinadecCore.Api.Tests\debug\TinadecCore.Api.Tests.dll" adapterTypeName="executor://xunit/VsTestRunner3/netcore/" className="TinadecCore.Api.Tests.StorageScopeApiTests" name="UntrustedLoopbackCannotReadDataInitializeStorageOrApproveActions" />
    </UnitTest>
    <UnitTest name="TinadecCore.Api.Tests.StorageScopeApiTests.Move_RebindsHostIdentity_WhileCopyGetsIndependentStorageIdentity" storage="c:\git\agent\tinadecoffice\.tinadec_dev\tmp\storage-debug-build\bin\tinadeccore.api.tests\debug\tinadeccore.api.tests.dll" id="a33f4e36-0ce3-bd81-c650-344f356e129b">
      <Execution id="57bfa167-4636-49a1-adf4-8d388fe1f0f1" />
      <TestMethod codeBase="C:\git\agent\TinadecOffice\.tinadec_dev\tmp\storage-debug-build\bin\TinadecCore.Api.Tests\debug\TinadecCore.Api.Tests.dll" adapterTypeName="executor://xunit/VsTestRunner3/netcore/" className="TinadecCore.Api.Tests.StorageScopeApiTests" name="Move_RebindsHostIdentity_WhileCopyGetsIndependentStorageIdentity" />
    </UnitTest>
    <UnitTest name="TinadecCore.Api.Tests.StorageScopeApiTests.ProjectRequests_AreIsolated_AndUnknownScopeCannotSelectArbitraryStorage" storage="c:\git\agent\tinadecoffice\.tinadec_dev\tmp\storage-debug-build\bin\tinadeccore.api.tests\debug\tinadeccore.api.tests.dll" id="4cfd5703-009b-f2e9-f13e-f863ef3c4084">
      <Execution id="48316084-cd2b-4b58-94ee-99bd32dd46c0" />
      <TestMethod codeBase="C:\git\agent\TinadecOffice\.tinadec_dev\tmp\storage-debug-build\bin\TinadecCore.Api.Tests\debug\TinadecCore.Api.Tests.dll" adapterTypeName="executor://xunit/VsTestRunner3/netcore/" className="TinadecCore.Api.Tests.StorageScopeApiTests" name="ProjectRequests_AreIsolated_AndUnknownScopeCannotSelectArbitraryStorage" />
    </UnitTest>
    <UnitTest name="TinadecCore.Api.Tests.StorageScopeApiTests.CacheCleanup_RequiresPreview_AndPreservesDataConfigAndCredentials" storage="c:\git\agent\tinadecoffice\.tinadec_dev\tmp\storage-debug-build\bin\tinadeccore.api.tests\debug\tinadeccore.api.tests.dll" id="1a911373-9cb7-6248-7eaa-09dca20340d7">
      <Execution id="fbce3168-75ab-4677-a560-be95a6b97323" />
      <TestMethod codeBase="C:\git\agent\TinadecOffice\.tinadec_dev\tmp\storage-debug-build\bin\TinadecCore.Api.Tests\debug\TinadecCore.Api.Tests.dll" adapterTypeName="executor://xunit/VsTestRunner3/netcore/" className="TinadecCore.Api.Tests.StorageScopeApiTests" name="CacheCleanup_RequiresPreview_AndPreservesDataConfigAndCredentials" />
    </UnitTest>
    <UnitTest name="TinadecCore.Api.Tests.StorageScopeApiTests.ConflictingOrCorruptStorage_IsReportedAndNeverOverwritten" storage="c:\git\agent\tinadecoffice\.tinadec_dev\tmp\storage-debug-build\bin\tinadeccore.api.tests\debug\tinadeccore.api.tests.dll" id="83b1b9ce-6ec1-80d8-b0d9-95817aa14463">
      <Execution id="6f47836a-f1f1-4ad1-8db4-2dc8d7c706d7" />
      <TestMethod codeBase="C:\git\agent\TinadecOffice\.tinadec_dev\tmp\storage-debug-build\bin\TinadecCore.Api.Tests\debug\TinadecCore.Api.Tests.dll" adapterTypeName="executor://xunit/VsTestRunner3/netcore/" className="TinadecCore.Api.Tests.StorageScopeApiTests" name="ConflictingOrCorruptStorage_IsReportedAndNeverOverwritten" />
    </UnitTest>
    <UnitTest name="TinadecCore.Api.Tests.StorageScopeApiTests.Close_WaitsForAnExistingLease_AndCancellationRestoresAdmission" storage="c:\git\agent\tinadecoffice\.tinadec_dev\tmp\storage-debug-build\bin\tinadeccore.api.tests\debug\tinadeccore.api.tests.dll" id="ca1c6533-e73b-11ab-ce1f-be81273a3736">
      <Execution id="e96323a7-96db-4659-a311-ffff108b8bc2" />
      <TestMethod codeBase="C:\git\agent\TinadecOffice\.tinadec_dev\tmp\storage-debug-build\bin\TinadecCore.Api.Tests\debug\TinadecCore.Api.Tests.dll" adapterTypeName="executor://xunit/VsTestRunner3/netcore/" className="TinadecCore.Api.Tests.StorageScopeApiTests" name="Close_WaitsForAnExistingLease_AndCancellationRestoresAdmission" />
    </UnitTest>
    <UnitTest name="TinadecCore.Api.Tests.StorageScopeApiTests.ExternalMode_RecoversItsRegistration_WithoutWritingProjectStorage" storage="c:\git\agent\tinadecoffice\.tinadec_dev\tmp\storage-debug-build\bin\tinadeccore.api.tests\debug\tinadeccore.api.tests.dll" id="7fd573ab-79db-9448-984d-55e9c18d9470">
      <Execution id="37b6334e-d9a2-4f2c-863a-4bcb78c6aee2" />
      <TestMethod codeBase="C:\git\agent\TinadecOffice\.tinadec_dev\tmp\storage-debug-build\bin\TinadecCore.Api.Tests\debug\TinadecCore.Api.Tests.dll" adapterTypeName="executor://xunit/VsTestRunner3/netcore/" className="TinadecCore.Api.Tests.StorageScopeApiTests" name="ExternalMode_RecoversItsRegistration_WithoutWritingProjectStorage" />
    </UnitTest>
    <UnitTest name="TinadecCore.Api.Tests.StorageScopeApiTests.DeletingProjectStorage_RequiresItsPreview_AndPreservesCode" storage="c:\git\agent\tinadecoffice\.tinadec_dev\tmp\storage-debug-build\bin\tinadeccore.api.tests\debug\tinadeccore.api.tests.dll" id="c9e916cd-55ad-977a-01ad-29c880456f91">
      <Execution id="7e44c814-5019-44c8-96f4-b25c23967d8b" />
      <TestMethod codeBase="C:\git\agent\TinadecOffice\.tinadec_dev\tmp\storage-debug-build\bin\TinadecCore.Api.Tests\debug\TinadecCore.Api.Tests.dll" adapterTypeName="executor://xunit/VsTestRunner3/netcore/" className="TinadecCore.Api.Tests.StorageScopeApiTests" name="DeletingProjectStorage_RequiresItsPreview_AndPreservesCode" />
    </UnitTest>
    <UnitTest name="TinadecCore.Api.Tests.ScopeLoggingTests.CombinedBudgetRotatesAndRemovesOnlyRecognizedClosedLogs" storage="c:\git\agent\tinadecoffice\.tinadec_dev\tmp\storage-debug-build\bin\tinadeccore.api.tests\debug\tinadeccore.api.tests.dll" id="e5d14ae3-ffa3-ef61-a700-64000a45384b">
      <Execution id="4d51952f-b10d-40f8-bdb5-c6a929544949" />
      <TestMethod codeBase="C:\git\agent\TinadecOffice\.tinadec_dev\tmp\storage-debug-build\bin\TinadecCore.Api.Tests\debug\TinadecCore.Api.Tests.dll" adapterTypeName="executor://xunit/VsTestRunner3/netcore/" className="TinadecCore.Api.Tests.ScopeLoggingTests" name="CombinedBudgetRotatesAndRemovesOnlyRecognizedClosedLogs" />
    </UnitTest>
  </TestDefinitions>
  <TestEntries>
    <TestEntry testId="3b3c8904-0b0a-8503-246f-49e015a5a102" executionId="7d7d4603-d974-4cef-bc5a-e6980c50753b" testListId="8c84fa94-04c1-424b-9868-57a2d4851a1d" />
    <TestEntry testId="c9e916cd-55ad-977a-01ad-29c880456f91" executionId="7e44c814-5019-44c8-96f4-b25c23967d8b" testListId="8c84fa94-04c1-424b-9868-57a2d4851a1d" />
    <TestEntry testId="c169852d-77a5-43af-8d36-ac4b69c1a2b3" executionId="4720a3e4-05d6-4454-8c32-03b2696bcbb0" testListId="8c84fa94-04c1-424b-9868-57a2d4851a1d" />
    <TestEntry testId="ca1c6533-e73b-11ab-ce1f-be81273a3736" executionId="e96323a7-96db-4659-a311-ffff108b8bc2" testListId="8c84fa94-04c1-424b-9868-57a2d4851a1d" />
    <TestEntry testId="e5d14ae3-ffa3-ef61-a700-64000a45384b" executionId="4d51952f-b10d-40f8-bdb5-c6a929544949" testListId="8c84fa94-04c1-424b-9868-57a2d4851a1d" />
    <TestEntry testId="7fd573ab-79db-9448-984d-55e9c18d9470" executionId="37b6334e-d9a2-4f2c-863a-4bcb78c6aee2" testListId="8c84fa94-04c1-424b-9868-57a2d4851a1d" />
    <TestEntry testId="1a911373-9cb7-6248-7eaa-09dca20340d7" executionId="fbce3168-75ab-4677-a560-be95a6b97323" testListId="8c84fa94-04c1-424b-9868-57a2d4851a1d" />
    <TestEntry testId="a33f4e36-0ce3-bd81-c650-344f356e129b" executionId="57bfa167-4636-49a1-adf4-8d388fe1f0f1" testListId="8c84fa94-04c1-424b-9868-57a2d4851a1d" />
    <TestEntry testId="24422926-8e90-36c6-8386-2df511eb57a9" executionId="b3f44365-9e4a-4d9c-85e2-4cc663cc09d5" testListId="8c84fa94-04c1-424b-9868-57a2d4851a1d" />
    <TestEntry testId="6db3ae40-a08b-65c7-bcfc-041e7a2f5235" executionId="ca71c790-19a5-4e2c-84cd-635e8107a595" testListId="8c84fa94-04c1-424b-9868-57a2d4851a1d" />
    <TestEntry testId="4cfd5703-009b-f2e9-f13e-f863ef3c4084" executionId="48316084-cd2b-4b58-94ee-99bd32dd46c0" testListId="8c84fa94-04c1-424b-9868-57a2d4851a1d" />
    <TestEntry testId="83b1b9ce-6ec1-80d8-b0d9-95817aa14463" executionId="6f47836a-f1f1-4ad1-8db4-2dc8d7c706d7" testListId="8c84fa94-04c1-424b-9868-57a2d4851a1d" />
  </TestEntries>
  <TestLists>
    <TestList name="列表中未列出的结果" id="8c84fa94-04c1-424b-9868-57a2d4851a1d" />
    <TestList name="所有已加载的结果" id="19431567-8539-422a-85d7-44ee4e166bda" />
  </TestLists>
  <ResultSummary outcome="Failed">
    <Counters total="12" executed="12" passed="11" failed="1" error="0" timeout="0" aborted="0" inconclusive="0" passedButRunAborted="0" notRunnable="0" notExecuted="0" disconnected="0" warning="0" completed="0" inProgress="0" pending="0" />
    <Output>
      <StdOut>[xUnit.net 00:00:00.00] xUnit.net VSTest Adapter v3.1.4+50e68bbb8b (64-bit .NET 10.0.11)&#xD;
[xUnit.net 00:00:00.35]   Discovering: TinadecCore.Api.Tests&#xD;
[xUnit.net 00:00:00.54]   Discovered:  TinadecCore.Api.Tests&#xD;
[xUnit.net 00:00:00.57]   Starting:    TinadecCore.Api.Tests&#xD;
[xUnit.net 00:01:03.73]       {"type":"https://tinadec.dev/errors/conflict","title":"conflict","status":409,"detail":"Could not find file 'C:\\Users\\lincu\\AppData\\Local\\Temp\\tinadec-scopes\\993b64b0a3d547baa1fb5477a4febff1\\delete-storage\\.tinadec\\data\\tinadec.db-shm'.","trace_id":"0HNP5R7ROVKKV","code":"conflict"}&#xD;
[xUnit.net 00:01:03.73]       Stack Trace:&#xD;
[xUnit.net 00:01:03.73]         C:\git\agent\TinadecOffice\TinadecCore\tests\TinadecCore.Api.Tests\StorageScopeApiTests.cs(188,0): at TinadecCore.Api.Tests.StorageScopeApiTests.DeletingProjectStorage_RequiresItsPreview_AndPreservesCode()&#xD;
[xUnit.net 00:01:03.73]         --- End of stack trace from previous location ---&#xD;
warn: TinadecCore.Runtime.StorageScopeRecoveryWorker[0]&#xD;
      Registered storage scope 91d83252db75434cb36d55803e449cba could not recover; other scopes remain available&#xD;
      System.IO.DirectoryNotFoundException: The registered project directory is unavailable.&#xD;
         at TinadecCore.Runtime.StorageScopeRegistry.MountAsync(Registration registration) in C:\git\agent\TinadecOffice\TinadecCore\Runtime\StorageScopeRegistry.cs:line 331&#xD;
         at TinadecCore.Runtime.StorageScopeRegistry.AcquireCoreAsync(String storageId, Boolean allowClosing, CancellationToken ct) in C:\git\agent\TinadecOffice\TinadecCore\Runtime\StorageScopeRegistry.cs:line 156&#xD;
         at TinadecCore.Runtime.StorageScopeRegistry.AcquireAsync(String storageId, CancellationToken ct) in C:\git\agent\TinadecOffice\TinadecCore\Runtime\StorageScopeRegistry.cs:line 129&#xD;
         at TinadecCore.Runtime.StorageScopeRecoveryWorker.ExecuteAsync(CancellationToken stoppingToken) in C:\git\agent\TinadecOffice\TinadecCore\Runtime\StorageScopeRecoveryWorker.cs:line 18&#xD;
warn: TinadecCore.Runtime.StorageScopeRecoveryWorker[0]&#xD;
      Registered storage scope e7795edf88bc4148a6fce05067a5f16d could not recover; other scopes remain available&#xD;
      System.IO.DirectoryNotFoundException: The registered project directory is unavailable.&#xD;
         at TinadecCore.Runtime.StorageScopeRegistry.MountAsync(Registration registration) in C:\git\agent\TinadecOffice\TinadecCore\Runtime\StorageScopeRegistry.cs:line 331&#xD;
         at TinadecCore.Runtime.StorageScopeRegistry.AcquireCoreAsync(String storageId, Boolean allowClosing, CancellationToken ct) in C:\git\agent\TinadecOffice\TinadecCore\Runtime\StorageScopeRegistry.cs:line 156&#xD;
         at TinadecCore.Runtime.StorageScopeRegistry.AcquireAsync(String storageId, CancellationToken ct) in C:\git\agent\TinadecOffice\TinadecCore\Runtime\StorageScopeRegistry.cs:line 129&#xD;
         at TinadecCore.Runtime.StorageScopeRecoveryWorker.ExecuteAsync(CancellationToken stoppingToken) in C:\git\agent\TinadecOffice\TinadecCore\Runtime\StorageScopeRecoveryWorker.cs:line 18&#xD;
[xUnit.net 00:04:16.03]   Finished:    TinadecCore.Api.Tests&#xD;
</StdOut>
    </Output>
    <RunInfos>
      <RunInfo computerName="LINSTATION" outcome="Error" timestamp="2026-10-09T15:51:09.8558113+08:00">
        <Text>[xUnit.net 00:01:03.73]     TinadecCore.Api.Tests.StorageScopeApiTests.DeletingProjectStorage_RequiresItsPreview_AndPreservesCode [FAIL]</Text>
      </RunInfo>
    </RunInfos>
  </ResultSummary>
</TestRun>