<?xml version="1.0" encoding="utf-8"?>
<TestRun id="acdd65b4-8886-4570-a5fc-7859be35a0c8" name="@linstation 2026-10-09 16:06:16" xmlns="http://microsoft.com/schemas/VisualStudio/TeamTest/2010">
  <Times creation="2026-10-09T16:06:16.3309329+08:00" queuing="2026-10-09T16:06:16.3309330+08:00" start="2026-10-09T16:06:15.0752576+08:00" finish="2026-10-09T16:06:26.4305064+08:00" />
  <TestSettings name="default" id="154616fa-5733-41ca-8610-b73ced0f121c">
    <Deployment runDeploymentRoot="_linstation_2026-10-09_16_06_16" />
  </TestSettings>
  <Results>
    <UnitTestResult executionId="1bfce6d9-0361-4721-9b8d-e41e67226d70" testId="358d8605-f5ce-4c49-ef7c-730d4076c5f6" testName="TinadecTools.Tests.PosixSandboxIntegrationTests.TheConfinementMechanismThisPlatformReliesOnIsPresent" computerName="linstation" duration="00:00:00.0008907" startTime="2026-10-09T16:06:25.5635780+08:00" endTime="2026-10-09T16:06:25.5644444+08:00" testType="13cdc9d9-ddb5-4fa4-a97d-d965ccfc6d4b" outcome="Passed" testListId="8c84fa94-04c1-424b-9868-57a2d4851a1d" relativeResultsDirectory="1bfce6d9-0361-4721-9b8d-e41e67226d70" />
    <UnitTestResult executionId="31063795-2ea0-4ece-a571-a6725728e282" testId="8c8253e0-1346-aacd-c2f9-7a2aa8d05e54" testName="TinadecTools.Tests.StorageBoundaryTests.ConcurrentScopesHaveSeparateScratchAndCannotInheritTheHostControlToken" computerName="linstation" duration="00:00:00.0188224" startTime="2026-10-09T16:06:26.2685857+08:00" endTime="2026-10-09T16:06:26.2874692+08:00" testType="13cdc9d9-ddb5-4fa4-a97d-d965ccfc6d4b" outcome="Passed" testListId="8c84fa94-04c1-424b-9868-57a2d4851a1d" relativeResultsDirectory="31063795-2ea0-4ece-a571-a6725728e282" />
    <UnitTestResult executionId="d8d4ebcc-753d-46be-bfa2-e2fd42adb373" testId="29570da0-cf7f-3839-ea85-0369284314de" testName="TinadecTools.Tests.PosixSandboxIntegrationTests.TheChildSeesTheRetainedEnvironmentAndNothingElse" computerName="linstation" duration="00:00:00.1062387" startTime="2026-10-09T16:06:25.5645821+08:00" endTime="2026-10-09T16:06:25.6717443+08:00" testType="13cdc9d9-ddb5-4fa4-a97d-d965ccfc6d4b" outcome="Passed" testListId="8c84fa94-04c1-424b-9868-57a2d4851a1d" relativeResultsDirectory="d8d4ebcc-753d-46be-bfa2-e2fd42adb373" />
    <UnitTestResult executionId="ca50466a-893f-4eb0-839f-956b74ff3573" testId="68af0863-3240-6e35-2f0d-74ccd5bbd508" testName="TinadecTools.Tests.PosixSandboxTests.SeatbeltProfile_EscapesQuotesAndBackslashesSoAPathCannotBecomeSyntax" computerName="linstation" duration="00:00:00.0040381" startTime="2026-10-09T16:06:16.2764957+08:00" endTime="2026-10-09T16:06:16.2765402+08:00" testType="13cdc9d9-ddb5-4fa4-a97d-d965ccfc6d4b" outcome="Passed" testListId="8c84fa94-04c1-424b-9868-57a2d4851a1d" relativeResultsDirectory="ca50466a-893f-4eb0-839f-956b74ff3573" />
    <UnitTestResult executionId="90e783db-65ef-4ce5-84c9-d64e3680f2ae" testId="d22f80dc-4806-6ddb-f08a-8de07fd57d79" testName="TinadecTools.Tests.PosixSandboxTests.BubblewrapWritableDeviceBindStaysAtTheExactNullDevice" computerName="linstation" duration="00:00:00.0001159" startTime="2026-10-09T16:06:16.2770024+08:00" endTime="2026-10-09T16:06:16.2770454+08:00" testType="13cdc9d9-ddb5-4fa4-a97d-d965ccfc6d4b" outcome="Passed" testListId="8c84fa94-04c1-424b-9868-57a2d4851a1d" relativeResultsDirectory="90e783db-65ef-4ce5-84c9-d64e3680f2ae" />
    <UnitTestResult executionId="cf7923d2-f61b-4810-84c3-4e6b5dd80260" testId="9fb986c3-4a4b-e939-89d3-f5dd435e197b" testName="TinadecTools.Tests.PosixSandboxIntegrationTests.AWriteOutsideEveryGrantedDirectoryIsDeniedByTheKernel" computerName="linstation" duration="00:00:00.0749824" startTime="2026-10-09T16:06:25.4878937+08:00" endTime="2026-10-09T16:06:25.5633372+08:00" testType="13cdc9d9-ddb5-4fa4-a97d-d965ccfc6d4b" outcome="Passed" testListId="8c84fa94-04c1-424b-9868-57a2d4851a1d" relativeResultsDirectory="cf7923d2-f61b-4810-84c3-4e6b5dd80260" />
    <UnitTestResult executionId="37825fd7-27b0-4d55-a957-1aac0e51f95e" testId="c2514246-e0f8-da7e-db56-a7f90fbe0a75" testName="TinadecTools.Tests.PosixSandboxTests.WriteTargets_AlwaysIncludeTheScratchCacheAndTemporaryDirectory" computerName="linstation" duration="00:00:00.0025258" startTime="2026-10-09T16:06:16.2766553+08:00" endTime="2026-10-09T16:06:16.2767007+08:00" testType="13cdc9d9-ddb5-4fa4-a97d-d965ccfc6d4b" outcome="Passed" testListId="8c84fa94-04c1-424b-9868-57a2d4851a1d" relativeResultsDirectory="37825fd7-27b0-4d55-a957-1aac0e51f95e" />
    <UnitTestResult executionId="fb87243b-bf2e-45b5-b749-d3064431828b" testId="83995976-5372-686e-689d-9665faf0ab81" testName="TinadecTools.Tests.PosixSandboxTests.HandledAccessFs_ConfiguresOnlyWriteSideRights" computerName="linstation" duration="00:00:00.0001928" startTime="2026-10-09T16:06:16.2768913+08:00" endTime="2026-10-09T16:06:16.2769381+08:00" testType="13cdc9d9-ddb5-4fa4-a97d-d965ccfc6d4b" outcome="Passed" testListId="8c84fa94-04c1-424b-9868-57a2d4851a1d" relativeResultsDirectory="fb87243b-bf2e-45b5-b749-d3064431828b" />
    <UnitTestResult executionId="ff28dfb6-e1dd-4e31-ac2e-beb0cb0ef380" testId="dd1aeee4-08ec-df62-68a7-81ec8e705611" testName="TinadecTools.Tests.PosixSandboxTests.SeatbeltProfile_GrantsTheDeclaredPathAndItsResolvedFormWithoutInventingOthers" computerName="linstation" duration="00:00:00.0005504" startTime="2026-10-09T16:06:16.2775420+08:00" endTime="2026-10-09T16:06:16.2776353+08:00" testType="13cdc9d9-ddb5-4fa4-a97d-d965ccfc6d4b" outcome="Passed" testListId="8c84fa94-04c1-424b-9868-57a2d4851a1d" relativeResultsDirectory="ff28dfb6-e1dd-4e31-ac2e-beb0cb0ef380" />
    <UnitTestResult executionId="10c9935f-f998-4fda-a178-f87ce536ae2d" testId="93e3e31a-1cab-e388-f80c-4beb96c5a0b2" testName="TinadecTools.Tests.PosixSandboxTests.SeatbeltProfile_WithNoGrantsStaysDenyAllWrites" computerName="linstation" duration="00:00:00.0007419" startTime="2026-10-09T16:06:16.2240068+08:00" endTime="2026-10-09T16:06:16.2240501+08:00" testType="13cdc9d9-ddb5-4fa4-a97d-d965ccfc6d4b" outcome="Passed" testListId="8c84fa94-04c1-424b-9868-57a2d4851a1d" relativeResultsDirectory="10c9935f-f998-4fda-a178-f87ce536ae2d" />
    <UnitTestResult executionId="0828a257-77ac-4839-8182-663363f47ab2" testId="d6e7637b-6350-a30b-18e3-87615411d6ec" testName="TinadecTools.Tests.PosixSandboxTests.HandledAccessFs_WidensOnlyWhenTheKernelAbiSupportsIt(abi: 2, expectedRight: 8192)" computerName="linstation" duration="00:00:00.0003774" startTime="2026-10-09T16:06:16.2758049+08:00" endTime="2026-10-09T16:06:16.2758836+08:00" testType="13cdc9d9-ddb5-4fa4-a97d-d965ccfc6d4b" outcome="Passed" testListId="8c84fa94-04c1-424b-9868-57a2d4851a1d" relativeResultsDirectory="0828a257-77ac-4839-8182-663363f47ab2" />
    <UnitTestResult executionId="a5b35155-b846-4252-b637-7d235a169f21" testId="9c3332e7-5b03-bfa5-c8d8-89a4638b9926" testName="TinadecTools.Tests.PosixSandboxTests.LinuxPayload_RoundTripsThroughTheSourceGeneratedContext_InSnakeCase" computerName="linstation" duration="00:00:00.0459740" startTime="2026-10-09T16:06:16.2762259+08:00" endTime="2026-10-09T16:06:16.2762783+08:00" testType="13cdc9d9-ddb5-4fa4-a97d-d965ccfc6d4b" outcome="Passed" testListId="8c84fa94-04c1-424b-9868-57a2d4851a1d" relativeResultsDirectory="a5b35155-b846-4252-b637-7d235a169f21" />
    <UnitTestResult executionId="94d9f250-5e58-4140-accc-864a9a007782" testId="bda35a3e-2df3-b355-bb8e-ebf44ec78598" testName="TinadecTools.Tests.PosixSandboxTests.HandledAccessFs_WidensOnlyWhenTheKernelAbiSupportsIt(abi: 4, expectedRight: 16384)" computerName="linstation" duration="00:00:00.0020314" startTime="2026-10-09T16:06:16.2241127+08:00" endTime="2026-10-09T16:06:16.2241542+08:00" testType="13cdc9d9-ddb5-4fa4-a97d-d965ccfc6d4b" outcome="Passed" testListId="8c84fa94-04c1-424b-9868-57a2d4851a1d" relativeResultsDirectory="94d9f250-5e58-4140-accc-864a9a007782" />
    <UnitTestResult executionId="b9981d8c-50d1-4172-9f4d-5892384ab891" testId="9dd13730-de00-6fce-4648-c10ef1020b49" testName="TinadecTools.Tests.PosixSandboxTests.LinuxLauncherMode_IsRecognisedOnlyAsTheFirstArgument" computerName="linstation" duration="00:00:00.0008217" startTime="2026-10-09T16:06:16.2226899+08:00" endTime="2026-10-09T16:06:16.2228281+08:00" testType="13cdc9d9-ddb5-4fa4-a97d-d965ccfc6d4b" outcome="Passed" testListId="8c84fa94-04c1-424b-9868-57a2d4851a1d" relativeResultsDirectory="b9981d8c-50d1-4172-9f4d-5892384ab891" />
    <UnitTestResult executionId="f6c0b390-97ab-4cff-b493-7ef0e55fe4a5" testId="b3d69371-3246-a3e8-7c3a-30a0c8ca4837" testName="TinadecTools.Tests.PosixSandboxTests.WriteTargets_DeduplicatesUnderCaseSensitivePosixComparison" computerName="linstation" duration="00:00:00.0022577" startTime="2026-10-09T16:06:16.2763775+08:00" endTime="2026-10-09T16:06:16.2764241+08:00" testType="13cdc9d9-ddb5-4fa4-a97d-d965ccfc6d4b" outcome="Passed" testListId="8c84fa94-04c1-424b-9868-57a2d4851a1d" relativeResultsDirectory="f6c0b390-97ab-4cff-b493-7ef0e55fe4a5" />
    <UnitTestResult executionId="8cd3dccc-3f39-4b60-acb5-0d1bb9005e81" testId="1ef79015-be26-1ae3-dc9b-55847521e584" testName="TinadecTools.Tests.StorageBoundaryTests.OnlyTheHostAssignedWorktreeIsASourceException" computerName="linstation" duration="00:00:00.0258951" startTime="2026-10-09T16:06:26.3119304+08:00" endTime="2026-10-09T16:06:26.3368194+08:00" testType="13cdc9d9-ddb5-4fa4-a97d-d965ccfc6d4b" outcome="Passed" testListId="8c84fa94-04c1-424b-9868-57a2d4851a1d" relativeResultsDirectory="8cd3dccc-3f39-4b60-acb5-0d1bb9005e81" />
    <UnitTestResult executionId="47a39c49-ac66-43a8-b5be-bec09e269725" testId="83b898ad-e987-8f8b-e531-00c7f08b353a" testName="TinadecTools.Tests.PosixSandboxIntegrationTests.TerminationReachesTheWholeProcessGroup" computerName="linstation" duration="00:00:08.0380843" startTime="2026-10-09T16:06:16.3665203+08:00" endTime="2026-10-09T16:06:24.4042262+08:00" testType="13cdc9d9-ddb5-4fa4-a97d-d965ccfc6d4b" outcome="Passed" testListId="8c84fa94-04c1-424b-9868-57a2d4851a1d" relativeResultsDirectory="47a39c49-ac66-43a8-b5be-bec09e269725" />
    <UnitTestResult executionId="322277fa-d260-4be2-8df5-e999a3eccfa6" testId="c9a102c4-ef2c-4cc8-44a1-0834fe94a693" testName="TinadecTools.Tests.PosixSandboxTests.SeatbeltProfile_UsesLiteralForFilesAndSubpathForDirectories" computerName="linstation" duration="00:00:00.0262129" startTime="2026-10-09T16:06:16.1587128+08:00" endTime="2026-10-09T16:06:16.1990168+08:00" testType="13cdc9d9-ddb5-4fa4-a97d-d965ccfc6d4b" outcome="Passed" testListId="8c84fa94-04c1-424b-9868-57a2d4851a1d" relativeResultsDirectory="322277fa-d260-4be2-8df5-e999a3eccfa6" />
    <UnitTestResult executionId="73603019-b2af-45a2-b281-6b73a0ee62f1" testId="197a9a09-c2fa-9f71-9245-f9ae8d68b524" testName="TinadecTools.Tests.PosixSandboxIntegrationTests.AWriteInsideTheGrantedDirectorySucceeds" computerName="linstation" duration="00:00:00.1899823" startTime="2026-10-09T16:06:16.1598007+08:00" endTime="2026-10-09T16:06:16.3631452+08:00" testType="13cdc9d9-ddb5-4fa4-a97d-d965ccfc6d4b" outcome="Passed" testListId="8c84fa94-04c1-424b-9868-57a2d4851a1d" relativeResultsDirectory="73603019-b2af-45a2-b281-6b73a0ee62f1" />
    <UnitTestResult executionId="70e32d0f-e0f1-4b4f-b100-c581a61dbb1b" testId="03daea56-b2c1-f05c-782f-bd64c41c0d21" testName="TinadecTools.Tests.StorageBoundaryTests.HostFrozenWriteGrantCannotOpenAnotherScopeAndSelectedPackagesStayReadable" computerName="linstation" duration="00:00:00.0222537" startTime="2026-10-09T16:06:26.2878516+08:00" endTime="2026-10-09T16:06:26.3106170+08:00" testType="13cdc9d9-ddb5-4fa4-a97d-d965ccfc6d4b" outcome="Passed" testListId="8c84fa94-04c1-424b-9868-57a2d4851a1d" relativeResultsDirectory="70e32d0f-e0f1-4b4f-b100-c581a61dbb1b" />
    <UnitTestResult executionId="9720d75e-3acd-44e6-b4ff-21972c8f5229" testId="bf0325dd-d877-b454-dcc2-2c2262e221dc" testName="TinadecTools.Tests.PosixSandboxIntegrationTests.TheSandboxOutlivesItsRequestThreadAndNullDeviceRemainsUsable" computerName="linstation" duration="00:00:01.0826711" startTime="2026-10-09T16:06:24.4050768+08:00" endTime="2026-10-09T16:06:25.4876621+08:00" testType="13cdc9d9-ddb5-4fa4-a97d-d965ccfc6d4b" outcome="Passed" testListId="8c84fa94-04c1-424b-9868-57a2d4851a1d" relativeResultsDirectory="9720d75e-3acd-44e6-b4ff-21972c8f5229" />
    <UnitTestResult executionId="7bdcfe96-634a-43d7-a265-d681b44ff1cc" testId="a79bdcd7-b856-66b7-99cb-b7acb8c3e382" testName="TinadecTools.Tests.PosixSandboxTests.SeatbeltProfile_AllowsEverythingThenRestrictsWritesToGrants" computerName="linstation" duration="00:00:00.0031312" startTime="2026-10-09T16:06:16.2235564+08:00" endTime="2026-10-09T16:06:16.2236122+08:00" testType="13cdc9d9-ddb5-4fa4-a97d-d965ccfc6d4b" outcome="Passed" testListId="8c84fa94-04c1-424b-9868-57a2d4851a1d" relativeResultsDirectory="7bdcfe96-634a-43d7-a265-d681b44ff1cc" />
    <UnitTestResult executionId="26a75558-ec90-4afd-889f-46b50d52699e" testId="af21f0f9-6f02-ebd9-3596-27ecd2a097b4" testName="TinadecTools.Tests.PosixSandboxTests.FileScopedRights_KeepsWriteAndTruncateAndNothingDirectoryShaped(abi: 4, expected: 16386)" computerName="linstation" duration="00:00:00.0008183" startTime="2026-10-09T16:06:16.2238061+08:00" endTime="2026-10-09T16:06:16.2238512+08:00" testType="13cdc9d9-ddb5-4fa4-a97d-d965ccfc6d4b" outcome="Passed" testListId="8c84fa94-04c1-424b-9868-57a2d4851a1d" relativeResultsDirectory="26a75558-ec90-4afd-889f-46b50d52699e" />
    <UnitTestResult executionId="e812b430-28e9-475e-a381-9f57e0c3fe99" testId="9acc27f5-41b4-9756-4805-f75573af087f" testName="TinadecTools.Tests.PosixSandboxTests.FileScopedRights_KeepsWriteAndTruncateAndNothingDirectoryShaped(abi: 2, expected: 2)" computerName="linstation" duration="00:00:00.0058500" startTime="2026-10-09T16:06:16.2237059+08:00" endTime="2026-10-09T16:06:16.2237551+08:00" testType="13cdc9d9-ddb5-4fa4-a97d-d965ccfc6d4b" outcome="Passed" testListId="8c84fa94-04c1-424b-9868-57a2d4851a1d" relativeResultsDirectory="e812b430-28e9-475e-a381-9f57e0c3fe99" />
    <UnitTestResult executionId="a9485f8c-8435-448b-934d-f6d787796f66" testId="aac3d691-cbf4-de51-3154-fc61e7e09541" testName="TinadecTools.Tests.PosixSandboxTests.FileScopedRights_KeepsWriteAndTruncateAndNothingDirectoryShaped(abi: 1, expected: 2)" computerName="linstation" duration="00:00:00.0000685" startTime="2026-10-09T16:06:16.2238986+08:00" endTime="2026-10-09T16:06:16.2239417+08:00" testType="13cdc9d9-ddb5-4fa4-a97d-d965ccfc6d4b" outcome="Passed" testListId="8c84fa94-04c1-424b-9868-57a2d4851a1d" relativeResultsDirectory="a9485f8c-8435-448b-934d-f6d787796f66" />
    <UnitTestResult executionId="62ef794f-d4ff-4cce-b0b7-8206d80f2e37" testId="920c832c-8530-0750-7c85-1fe9c16f1ddb" testName="TinadecTools.Tests.StorageBoundaryTests.RealFileWritesAllowSourcesAndRejectEveryInternalCategory" computerName="linstation" duration="00:00:00.5928565" startTime="2026-10-09T16:06:25.6742889+08:00" endTime="2026-10-09T16:06:26.2681132+08:00" testType="13cdc9d9-ddb5-4fa4-a97d-d965ccfc6d4b" outcome="Passed" testListId="8c84fa94-04c1-424b-9868-57a2d4851a1d" relativeResultsDirectory="62ef794f-d4ff-4cce-b0b7-8206d80f2e37" />
    <UnitTestResult executionId="c90fcf6c-c9d0-437d-bccd-36ee963b2048" testId="2a131d84-6067-c26e-07a0-e59cbc4734e9" testName="TinadecTools.Tests.PosixSandboxTests.HandledAccessFs_NeverHandlesDeviceOrSocketCreation" computerName="linstation" duration="00:00:00.0001880" startTime="2026-10-09T16:06:16.2767736+08:00" endTime="2026-10-09T16:06:16.2768214+08:00" testType="13cdc9d9-ddb5-4fa4-a97d-d965ccfc6d4b" outcome="Passed" testListId="8c84fa94-04c1-424b-9868-57a2d4851a1d" relativeResultsDirectory="c90fcf6c-c9d0-437d-bccd-36ee963b2048" />
  </Results>
  <TestDefinitions>
    <UnitTest name="TinadecTools.Tests.PosixSandboxIntegrationTests.TheConfinementMechanismThisPlatformReliesOnIsPresent" storage="/var/tmp/tinadec-storage-validation/tools-artifacts/bin/tinadectools.tests/debug/tinadectools.tests.dll" id="358d8605-f5ce-4c49-ef7c-730d4076c5f6">
      <Execution id="1bfce6d9-0361-4721-9b8d-e41e67226d70" />
      <TestMethod codeBase="/var/tmp/tinadec-storage-validation/tools-artifacts/bin/TinadecTools.Tests/debug/TinadecTools.Tests.dll" adapterTypeName="executor://xunit/VsTestRunner3/netcore/" className="TinadecTools.Tests.PosixSandboxIntegrationTests" name="TheConfinementMechanismThisPlatformReliesOnIsPresent" />
    </UnitTest>
    <UnitTest name="TinadecTools.Tests.PosixSandboxTests.SeatbeltProfile_GrantsTheDeclaredPathAndItsResolvedFormWithoutInventingOthers" storage="/var/tmp/tinadec-storage-validation/tools-artifacts/bin/tinadectools.tests/debug/tinadectools.tests.dll" id="dd1aeee4-08ec-df62-68a7-81ec8e705611">
      <Execution id="ff28dfb6-e1dd-4e31-ac2e-beb0cb0ef380" />
      <TestMethod codeBase="/var/tmp/tinadec-storage-validation/tools-artifacts/bin/TinadecTools.Tests/debug/TinadecTools.Tests.dll" adapterTypeName="executor://xunit/VsTestRunner3/netcore/" className="TinadecTools.Tests.PosixSandboxTests" name="SeatbeltProfile_GrantsTheDeclaredPathAndItsResolvedFormWithoutInventingOthers" />
    </UnitTest>
    <UnitTest name="TinadecTools.Tests.PosixSandboxTests.HandledAccessFs_WidensOnlyWhenTheKernelAbiSupportsIt(abi: 4, expectedRight: 16384)" storage="/var/tmp/tinadec-storage-validation/tools-artifacts/bin/tinadectools.tests/debug/tinadectools.tests.dll" id="bda35a3e-2df3-b355-bb8e-ebf44ec78598">
      <Execution id="94d9f250-5e58-4140-accc-864a9a007782" />
      <TestMethod codeBase="/var/tmp/tinadec-storage-validation/tools-artifacts/bin/TinadecTools.Tests/debug/TinadecTools.Tests.dll" adapterTypeName="executor://xunit/VsTestRunner3/netcore/" className="TinadecTools.Tests.PosixSandboxTests" name="HandledAccessFs_WidensOnlyWhenTheKernelAbiSupportsIt" />
    </UnitTest>
    <UnitTest name="TinadecTools.Tests.PosixSandboxTests.SeatbeltProfile_EscapesQuotesAndBackslashesSoAPathCannotBecomeSyntax" storage="/var/tmp/tinadec-storage-validation/tools-artifacts/bin/tinadectools.tests/debug/tinadectools.tests.dll" id="68af0863-3240-6e35-2f0d-74ccd5bbd508">
      <Execution id="ca50466a-893f-4eb0-839f-956b74ff3573" />
      <TestMethod codeBase="/var/tmp/tinadec-storage-validation/tools-artifacts/bin/TinadecTools.Tests/debug/TinadecTools.Tests.dll" adapterTypeName="executor://xunit/VsTestRunner3/netcore/" className="TinadecTools.Tests.PosixSandboxTests" name="SeatbeltProfile_EscapesQuotesAndBackslashesSoAPathCannotBecomeSyntax" />
    </UnitTest>
    <UnitTest name="TinadecTools.Tests.PosixSandboxTests.LinuxLauncherMode_IsRecognisedOnlyAsTheFirstArgument" storage="/var/tmp/tinadec-storage-validation/tools-artifacts/bin/tinadectools.tests/debug/tinadectools.tests.dll" id="9dd13730-de00-6fce-4648-c10ef1020b49">
      <Execution id="b9981d8c-50d1-4172-9f4d-5892384ab891" />
      <TestMethod codeBase="/var/tmp/tinadec-storage-validation/tools-artifacts/bin/TinadecTools.Tests/debug/TinadecTools.Tests.dll" adapterTypeName="executor://xunit/VsTestRunner3/netcore/" className="TinadecTools.Tests.PosixSandboxTests" name="LinuxLauncherMode_IsRecognisedOnlyAsTheFirstArgument" />
    </UnitTest>
    <UnitTest name="TinadecTools.Tests.PosixSandboxTests.LinuxPayload_RoundTripsThroughTheSourceGeneratedContext_InSnakeCase" storage="/var/tmp/tinadec-storage-validation/tools-artifacts/bin/tinadectools.tests/debug/tinadectools.tests.dll" id="9c3332e7-5b03-bfa5-c8d8-89a4638b9926">
      <Execution id="a5b35155-b846-4252-b637-7d235a169f21" />
      <TestMethod codeBase="/var/tmp/tinadec-storage-validation/tools-artifacts/bin/TinadecTools.Tests/debug/TinadecTools.Tests.dll" adapterTypeName="executor://xunit/VsTestRunner3/netcore/" className="TinadecTools.Tests.PosixSandboxTests" name="LinuxPayload_RoundTripsThroughTheSourceGeneratedContext_InSnakeCase" />
    </UnitTest>
    <UnitTest name="TinadecTools.Tests.PosixSandboxTests.FileScopedRights_KeepsWriteAndTruncateAndNothingDirectoryShaped(abi: 1, expected: 2)" storage="/var/tmp/tinadec-storage-validation/tools-artifacts/bin/tinadectools.tests/debug/tinadectools.tests.dll" id="aac3d691-cbf4-de51-3154-fc61e7e09541">
      <Execution id="a9485f8c-8435-448b-934d-f6d787796f66" />
      <TestMethod codeBase="/var/tmp/tinadec-storage-validation/tools-artifacts/bin/TinadecTools.Tests/debug/TinadecTools.Tests.dll" adapterTypeName="executor://xunit/VsTestRunner3/netcore/" className="TinadecTools.Tests.PosixSandboxTests" name="FileScopedRights_KeepsWriteAndTruncateAndNothingDirectoryShaped" />
    </UnitTest>
    <UnitTest name="TinadecTools.Tests.PosixSandboxTests.FileScopedRights_KeepsWriteAndTruncateAndNothingDirectoryShaped(abi: 2, expected: 2)" storage="/var/tmp/tinadec-storage-validation/tools-artifacts/bin/tinadectools.tests/debug/tinadectools.tests.dll" id="9acc27f5-41b4-9756-4805-f75573af087f">
      <Execution id="e812b430-28e9-475e-a381-9f57e0c3fe99" />
      <TestMethod codeBase="/var/tmp/tinadec-storage-validation/tools-artifacts/bin/TinadecTools.Tests/debug/TinadecTools.Tests.dll" adapterTypeName="executor://xunit/VsTestRunner3/netcore/" className="TinadecTools.Tests.PosixSandboxTests" name="FileScopedRights_KeepsWriteAndTruncateAndNothingDirectoryShaped" />
    </UnitTest>
    <UnitTest name="TinadecTools.Tests.PosixSandboxIntegrationTests.AWriteInsideTheGrantedDirectorySucceeds" storage="/var/tmp/tinadec-storage-validation/tools-artifacts/bin/tinadectools.tests/debug/tinadectools.tests.dll" id="197a9a09-c2fa-9f71-9245-f9ae8d68b524">
      <Execution id="73603019-b2af-45a2-b281-6b73a0ee62f1" />
      <TestMethod codeBase="/var/tmp/tinadec-storage-validation/tools-artifacts/bin/TinadecTools.Tests/debug/TinadecTools.Tests.dll" adapterTypeName="executor://xunit/VsTestRunner3/netcore/" className="TinadecTools.Tests.PosixSandboxIntegrationTests" name="AWriteInsideTheGrantedDirectorySucceeds" />
    </UnitTest>
    <UnitTest name="TinadecTools.Tests.PosixSandboxTests.HandledAccessFs_ConfiguresOnlyWriteSideRights" storage="/var/tmp/tinadec-storage-validation/tools-artifacts/bin/tinadectools.tests/debug/tinadectools.tests.dll" id="83995976-5372-686e-689d-9665faf0ab81">
      <Execution id="fb87243b-bf2e-45b5-b749-d3064431828b" />
      <TestMethod codeBase="/var/tmp/tinadec-storage-validation/tools-artifacts/bin/TinadecTools.Tests/debug/TinadecTools.Tests.dll" adapterTypeName="executor://xunit/VsTestRunner3/netcore/" className="TinadecTools.Tests.PosixSandboxTests" name="HandledAccessFs_ConfiguresOnlyWriteSideRights" />
    </UnitTest>
    <UnitTest name="TinadecTools.Tests.PosixSandboxIntegrationTests.TheSandboxOutlivesItsRequestThreadAndNullDeviceRemainsUsable" storage="/var/tmp/tinadec-storage-validation/tools-artifacts/bin/tinadectools.tests/debug/tinadectools.tests.dll" id="bf0325dd-d877-b454-dcc2-2c2262e221dc">
      <Execution id="9720d75e-3acd-44e6-b4ff-21972c8f5229" />
      <TestMethod codeBase="/var/tmp/tinadec-storage-validation/tools-artifacts/bin/TinadecTools.Tests/debug/TinadecTools.Tests.dll" adapterTypeName="executor://xunit/VsTestRunner3/netcore/" className="TinadecTools.Tests.PosixSandboxIntegrationTests" name="TheSandboxOutlivesItsRequestThreadAndNullDeviceRemainsUsable" />
    </UnitTest>
    <UnitTest name="TinadecTools.Tests.PosixSandboxTests.SeatbeltProfile_UsesLiteralForFilesAndSubpathForDirectories" storage="/var/tmp/tinadec-storage-validation/tools-artifacts/bin/tinadectools.tests/debug/tinadectools.tests.dll" id="c9a102c4-ef2c-4cc8-44a1-0834fe94a693">
      <Execution id="322277fa-d260-4be2-8df5-e999a3eccfa6" />
      <TestMethod codeBase="/var/tmp/tinadec-storage-validation/tools-artifacts/bin/TinadecTools.Tests/debug/TinadecTools.Tests.dll" adapterTypeName="executor://xunit/VsTestRunner3/netcore/" className="TinadecTools.Tests.PosixSandboxTests" name="SeatbeltProfile_UsesLiteralForFilesAndSubpathForDirectories" />
    </UnitTest>
    <UnitTest name="TinadecTools.Tests.PosixSandboxTests.SeatbeltProfile_AllowsEverythingThenRestrictsWritesToGrants" storage="/var/tmp/tinadec-storage-validation/tools-artifacts/bin/tinadectools.tests/debug/tinadectools.tests.dll" id="a79bdcd7-b856-66b7-99cb-b7acb8c3e382">
      <Execution id="7bdcfe96-634a-43d7-a265-d681b44ff1cc" />
      <TestMethod codeBase="/var/tmp/tinadec-storage-validation/tools-artifacts/bin/TinadecTools.Tests/debug/TinadecTools.Tests.dll" adapterTypeName="executor://xunit/VsTestRunner3/netcore/" className="TinadecTools.Tests.PosixSandboxTests" name="SeatbeltProfile_AllowsEverythingThenRestrictsWritesToGrants" />
    </UnitTest>
    <UnitTest name="TinadecTools.Tests.PosixSandboxTests.HandledAccessFs_WidensOnlyWhenTheKernelAbiSupportsIt(abi: 2, expectedRight: 8192)" storage="/var/tmp/tinadec-storage-validation/tools-artifacts/bin/tinadectools.tests/debug/tinadectools.tests.dll" id="d6e7637b-6350-a30b-18e3-87615411d6ec">
      <Execution id="0828a257-77ac-4839-8182-663363f47ab2" />
      <TestMethod codeBase="/var/tmp/tinadec-storage-validation/tools-artifacts/bin/TinadecTools.Tests/debug/TinadecTools.Tests.dll" adapterTypeName="executor://xunit/VsTestRunner3/netcore/" className="TinadecTools.Tests.PosixSandboxTests" name="HandledAccessFs_WidensOnlyWhenTheKernelAbiSupportsIt" />
    </UnitTest>
    <UnitTest name="TinadecTools.Tests.PosixSandboxTests.WriteTargets_AlwaysIncludeTheScratchCacheAndTemporaryDirectory" storage="/var/tmp/tinadec-storage-validation/tools-artifacts/bin/tinadectools.tests/debug/tinadectools.tests.dll" id="c2514246-e0f8-da7e-db56-a7f90fbe0a75">
      <Execution id="37825fd7-27b0-4d55-a957-1aac0e51f95e" />
      <TestMethod codeBase="/var/tmp/tinadec-storage-validation/tools-artifacts/bin/TinadecTools.Tests/debug/TinadecTools.Tests.dll" adapterTypeName="executor://xunit/VsTestRunner3/netcore/" className="TinadecTools.Tests.PosixSandboxTests" name="WriteTargets_AlwaysIncludeTheScratchCacheAndTemporaryDirectory" />
    </UnitTest>
    <UnitTest name="TinadecTools.Tests.PosixSandboxTests.BubblewrapWritableDeviceBindStaysAtTheExactNullDevice" storage="/var/tmp/tinadec-storage-validation/tools-artifacts/bin/tinadectools.tests/debug/tinadectools.tests.dll" id="d22f80dc-4806-6ddb-f08a-8de07fd57d79">
      <Execution id="90e783db-65ef-4ce5-84c9-d64e3680f2ae" />
      <TestMethod codeBase="/var/tmp/tinadec-storage-validation/tools-artifacts/bin/TinadecTools.Tests/debug/TinadecTools.Tests.dll" adapterTypeName="executor://xunit/VsTestRunner3/netcore/" className="TinadecTools.Tests.PosixSandboxTests" name="BubblewrapWritableDeviceBindStaysAtTheExactNullDevice" />
    </UnitTest>
    <UnitTest name="TinadecTools.Tests.PosixSandboxTests.FileScopedRights_KeepsWriteAndTruncateAndNothingDirectoryShaped(abi: 4, expected: 16386)" storage="/var/tmp/tinadec-storage-validation/tools-artifacts/bin/tinadectools.tests/debug/tinadectools.tests.dll" id="af21f0f9-6f02-ebd9-3596-27ecd2a097b4">
      <Execution id="26a75558-ec90-4afd-889f-46b50d52699e" />
      <TestMethod codeBase="/var/tmp/tinadec-storage-validation/tools-artifacts/bin/TinadecTools.Tests/debug/TinadecTools.Tests.dll" adapterTypeName="executor://xunit/VsTestRunner3/netcore/" className="TinadecTools.Tests.PosixSandboxTests" name="FileScopedRights_KeepsWriteAndTruncateAndNothingDirectoryShaped" />
    </UnitTest>
    <UnitTest name="TinadecTools.Tests.StorageBoundaryTests.OnlyTheHostAssignedWorktreeIsASourceException" storage="/var/tmp/tinadec-storage-validation/tools-artifacts/bin/tinadectools.tests/debug/tinadectools.tests.dll" id="1ef79015-be26-1ae3-dc9b-55847521e584">
      <Execution id="8cd3dccc-3f39-4b60-acb5-0d1bb9005e81" />
      <TestMethod codeBase="/var/tmp/tinadec-storage-validation/tools-artifacts/bin/TinadecTools.Tests/debug/TinadecTools.Tests.dll" adapterTypeName="executor://xunit/VsTestRunner3/netcore/" className="TinadecTools.Tests.StorageBoundaryTests" name="OnlyTheHostAssignedWorktreeIsASourceException" />
    </UnitTest>
    <UnitTest name="TinadecTools.Tests.PosixSandboxIntegrationTests.TerminationReachesTheWholeProcessGroup" storage="/var/tmp/tinadec-storage-validation/tools-artifacts/bin/tinadectools.tests/debug/tinadectools.tests.dll" id="83b898ad-e987-8f8b-e531-00c7f08b353a">
      <Execution id="47a39c49-ac66-43a8-b5be-bec09e269725" />
      <TestMethod codeBase="/var/tmp/tinadec-storage-validation/tools-artifacts/bin/TinadecTools.Tests/debug/TinadecTools.Tests.dll" adapterTypeName="executor://xunit/VsTestRunner3/netcore/" className="TinadecTools.Tests.PosixSandboxIntegrationTests" name="TerminationReachesTheWholeProcessGroup" />
    </UnitTest>
    <UnitTest name="TinadecTools.Tests.PosixSandboxTests.SeatbeltProfile_WithNoGrantsStaysDenyAllWrites" storage="/var/tmp/tinadec-storage-validation/tools-artifacts/bin/tinadectools.tests/debug/tinadectools.tests.dll" id="93e3e31a-1cab-e388-f80c-4beb96c5a0b2">
      <Execution id="10c9935f-f998-4fda-a178-f87ce536ae2d" />
      <TestMethod codeBase="/var/tmp/tinadec-storage-validation/tools-artifacts/bin/TinadecTools.Tests/debug/TinadecTools.Tests.dll" adapterTypeName="executor://xunit/VsTestRunner3/netcore/" className="TinadecTools.Tests.PosixSandboxTests" name="SeatbeltProfile_WithNoGrantsStaysDenyAllWrites" />
    </UnitTest>
    <UnitTest name="TinadecTools.Tests.PosixSandboxTests.WriteTargets_DeduplicatesUnderCaseSensitivePosixComparison" storage="/var/tmp/tinadec-storage-validation/tools-artifacts/bin/tinadectools.tests/debug/tinadectools.tests.dll" id="b3d69371-3246-a3e8-7c3a-30a0c8ca4837">
      <Execution id="f6c0b390-97ab-4cff-b493-7ef0e55fe4a5" />
      <TestMethod codeBase="/var/tmp/tinadec-storage-validation/tools-artifacts/bin/TinadecTools.Tests/debug/TinadecTools.Tests.dll" adapterTypeName="executor://xunit/VsTestRunner3/netcore/" className="TinadecTools.Tests.PosixSandboxTests" name="WriteTargets_DeduplicatesUnderCaseSensitivePosixComparison" />
    </UnitTest>
    <UnitTest name="TinadecTools.Tests.StorageBoundaryTests.ConcurrentScopesHaveSeparateScratchAndCannotInheritTheHostControlToken" storage="/var/tmp/tinadec-storage-validation/tools-artifacts/bin/tinadectools.tests/debug/tinadectools.tests.dll" id="8c8253e0-1346-aacd-c2f9-7a2aa8d05e54">
      <Execution id="31063795-2ea0-4ece-a571-a6725728e282" />
      <TestMethod codeBase="/var/tmp/tinadec-storage-validation/tools-artifacts/bin/TinadecTools.Tests/debug/TinadecTools.Tests.dll" adapterTypeName="executor://xunit/VsTestRunner3/netcore/" className="TinadecTools.Tests.StorageBoundaryTests" name="ConcurrentScopesHaveSeparateScratchAndCannotInheritTheHostControlToken" />
    </UnitTest>
    <UnitTest name="TinadecTools.Tests.PosixSandboxIntegrationTests.TheChildSeesTheRetainedEnvironmentAndNothingElse" storage="/var/tmp/tinadec-storage-validation/tools-artifacts/bin/tinadectools.tests/debug/tinadectools.tests.dll" id="29570da0-cf7f-3839-ea85-0369284314de">
      <Execution id="d8d4ebcc-753d-46be-bfa2-e2fd42adb373" />
      <TestMethod codeBase="/var/tmp/tinadec-storage-validation/tools-artifacts/bin/TinadecTools.Tests/debug/TinadecTools.Tests.dll" adapterTypeName="executor://xunit/VsTestRunner3/netcore/" className="TinadecTools.Tests.PosixSandboxIntegrationTests" name="TheChildSeesTheRetainedEnvironmentAndNothingElse" />
    </UnitTest>
    <UnitTest name="TinadecTools.Tests.StorageBoundaryTests.HostFrozenWriteGrantCannotOpenAnotherScopeAndSelectedPackagesStayReadable" storage="/var/tmp/tinadec-storage-validation/tools-artifacts/bin/tinadectools.tests/debug/tinadectools.tests.dll" id="03daea56-b2c1-f05c-782f-bd64c41c0d21">
      <Execution id="70e32d0f-e0f1-4b4f-b100-c581a61dbb1b" />
      <TestMethod codeBase="/var/tmp/tinadec-storage-validation/tools-artifacts/bin/TinadecTools.Tests/debug/TinadecTools.Tests.dll" adapterTypeName="executor://xunit/VsTestRunner3/netcore/" className="TinadecTools.Tests.StorageBoundaryTests" name="HostFrozenWriteGrantCannotOpenAnotherScopeAndSelectedPackagesStayReadable" />
    </UnitTest>
    <UnitTest name="TinadecTools.Tests.PosixSandboxTests.HandledAccessFs_NeverHandlesDeviceOrSocketCreation" storage="/var/tmp/tinadec-storage-validation/tools-artifacts/bin/tinadectools.tests/debug/tinadectools.tests.dll" id="2a131d84-6067-c26e-07a0-e59cbc4734e9">
      <Execution id="c90fcf6c-c9d0-437d-bccd-36ee963b2048" />
      <TestMethod codeBase="/var/tmp/tinadec-storage-validation/tools-artifacts/bin/TinadecTools.Tests/debug/TinadecTools.Tests.dll" adapterTypeName="executor://xunit/VsTestRunner3/netcore/" className="TinadecTools.Tests.PosixSandboxTests" name="HandledAccessFs_NeverHandlesDeviceOrSocketCreation" />
    </UnitTest>
    <UnitTest name="TinadecTools.Tests.PosixSandboxIntegrationTests.AWriteOutsideEveryGrantedDirectoryIsDeniedByTheKernel" storage="/var/tmp/tinadec-storage-validation/tools-artifacts/bin/tinadectools.tests/debug/tinadectools.tests.dll" id="9fb986c3-4a4b-e939-89d3-f5dd435e197b">
      <Execution id="cf7923d2-f61b-4810-84c3-4e6b5dd80260" />
      <TestMethod codeBase="/var/tmp/tinadec-storage-validation/tools-artifacts/bin/TinadecTools.Tests/debug/TinadecTools.Tests.dll" adapterTypeName="executor://xunit/VsTestRunner3/netcore/" className="TinadecTools.Tests.PosixSandboxIntegrationTests" name="AWriteOutsideEveryGrantedDirectoryIsDeniedByTheKernel" />
    </UnitTest>
    <UnitTest name="TinadecTools.Tests.StorageBoundaryTests.RealFileWritesAllowSourcesAndRejectEveryInternalCategory" storage="/var/tmp/tinadec-storage-validation/tools-artifacts/bin/tinadectools.tests/debug/tinadectools.tests.dll" id="920c832c-8530-0750-7c85-1fe9c16f1ddb">
      <Execution id="62ef794f-d4ff-4cce-b0b7-8206d80f2e37" />
      <TestMethod codeBase="/var/tmp/tinadec-storage-validation/tools-artifacts/bin/TinadecTools.Tests/debug/TinadecTools.Tests.dll" adapterTypeName="executor://xunit/VsTestRunner3/netcore/" className="TinadecTools.Tests.StorageBoundaryTests" name="RealFileWritesAllowSourcesAndRejectEveryInternalCategory" />
    </UnitTest>
  </TestDefinitions>
  <TestEntries>
    <TestEntry testId="358d8605-f5ce-4c49-ef7c-730d4076c5f6" executionId="1bfce6d9-0361-4721-9b8d-e41e67226d70" testListId="8c84fa94-04c1-424b-9868-57a2d4851a1d" />
    <TestEntry testId="8c8253e0-1346-aacd-c2f9-7a2aa8d05e54" executionId="31063795-2ea0-4ece-a571-a6725728e282" testListId="8c84fa94-04c1-424b-9868-57a2d4851a1d" />
    <TestEntry testId="29570da0-cf7f-3839-ea85-0369284314de" executionId="d8d4ebcc-753d-46be-bfa2-e2fd42adb373" testListId="8c84fa94-04c1-424b-9868-57a2d4851a1d" />
    <TestEntry testId="68af0863-3240-6e35-2f0d-74ccd5bbd508" executionId="ca50466a-893f-4eb0-839f-956b74ff3573" testListId="8c84fa94-04c1-424b-9868-57a2d4851a1d" />
    <TestEntry testId="d22f80dc-4806-6ddb-f08a-8de07fd57d79" executionId="90e783db-65ef-4ce5-84c9-d64e3680f2ae" testListId="8c84fa94-04c1-424b-9868-57a2d4851a1d" />
    <TestEntry testId="9fb986c3-4a4b-e939-89d3-f5dd435e197b" executionId="cf7923d2-f61b-4810-84c3-4e6b5dd80260" testListId="8c84fa94-04c1-424b-9868-57a2d4851a1d" />
    <TestEntry testId="c2514246-e0f8-da7e-db56-a7f90fbe0a75" executionId="37825fd7-27b0-4d55-a957-1aac0e51f95e" testListId="8c84fa94-04c1-424b-9868-57a2d4851a1d" />
    <TestEntry testId="83995976-5372-686e-689d-9665faf0ab81" executionId="fb87243b-bf2e-45b5-b749-d3064431828b" testListId="8c84fa94-04c1-424b-9868-57a2d4851a1d" />
    <TestEntry testId="dd1aeee4-08ec-df62-68a7-81ec8e705611" executionId="ff28dfb6-e1dd-4e31-ac2e-beb0cb0ef380" testListId="8c84fa94-04c1-424b-9868-57a2d4851a1d" />
    <TestEntry testId="93e3e31a-1cab-e388-f80c-4beb96c5a0b2" executionId="10c9935f-f998-4fda-a178-f87ce536ae2d" testListId="8c84fa94-04c1-424b-9868-57a2d4851a1d" />
    <TestEntry testId="d6e7637b-6350-a30b-18e3-87615411d6ec" executionId="0828a257-77ac-4839-8182-663363f47ab2" testListId="8c84fa94-04c1-424b-9868-57a2d4851a1d" />
    <TestEntry testId="9c3332e7-5b03-bfa5-c8d8-89a4638b9926" executionId="a5b35155-b846-4252-b637-7d235a169f21" testListId="8c84fa94-04c1-424b-9868-57a2d4851a1d" />
    <TestEntry testId="bda35a3e-2df3-b355-bb8e-ebf44ec78598" executionId="94d9f250-5e58-4140-accc-864a9a007782" testListId="8c84fa94-04c1-424b-9868-57a2d4851a1d" />
    <TestEntry testId="9dd13730-de00-6fce-4648-c10ef1020b49" executionId="b9981d8c-50d1-4172-9f4d-5892384ab891" testListId="8c84fa94-04c1-424b-9868-57a2d4851a1d" />
    <TestEntry testId="b3d69371-3246-a3e8-7c3a-30a0c8ca4837" executionId="f6c0b390-97ab-4cff-b493-7ef0e55fe4a5" testListId="8c84fa94-04c1-424b-9868-57a2d4851a1d" />
    <TestEntry testId="1ef79015-be26-1ae3-dc9b-55847521e584" executionId="8cd3dccc-3f39-4b60-acb5-0d1bb9005e81" testListId="8c84fa94-04c1-424b-9868-57a2d4851a1d" />
    <TestEntry testId="83b898ad-e987-8f8b-e531-00c7f08b353a" executionId="47a39c49-ac66-43a8-b5be-bec09e269725" testListId="8c84fa94-04c1-424b-9868-57a2d4851a1d" />
    <TestEntry testId="c9a102c4-ef2c-4cc8-44a1-0834fe94a693" executionId="322277fa-d260-4be2-8df5-e999a3eccfa6" testListId="8c84fa94-04c1-424b-9868-57a2d4851a1d" />
    <TestEntry testId="197a9a09-c2fa-9f71-9245-f9ae8d68b524" executionId="73603019-b2af-45a2-b281-6b73a0ee62f1" testListId="8c84fa94-04c1-424b-9868-57a2d4851a1d" />
    <TestEntry testId="03daea56-b2c1-f05c-782f-bd64c41c0d21" executionId="70e32d0f-e0f1-4b4f-b100-c581a61dbb1b" testListId="8c84fa94-04c1-424b-9868-57a2d4851a1d" />
    <TestEntry testId="bf0325dd-d877-b454-dcc2-2c2262e221dc" executionId="9720d75e-3acd-44e6-b4ff-21972c8f5229" testListId="8c84fa94-04c1-424b-9868-57a2d4851a1d" />
    <TestEntry testId="a79bdcd7-b856-66b7-99cb-b7acb8c3e382" executionId="7bdcfe96-634a-43d7-a265-d681b44ff1cc" testListId="8c84fa94-04c1-424b-9868-57a2d4851a1d" />
    <TestEntry testId="af21f0f9-6f02-ebd9-3596-27ecd2a097b4" executionId="26a75558-ec90-4afd-889f-46b50d52699e" testListId="8c84fa94-04c1-424b-9868-57a2d4851a1d" />
    <TestEntry testId="9acc27f5-41b4-9756-4805-f75573af087f" executionId="e812b430-28e9-475e-a381-9f57e0c3fe99" testListId="8c84fa94-04c1-424b-9868-57a2d4851a1d" />
    <TestEntry testId="aac3d691-cbf4-de51-3154-fc61e7e09541" executionId="a9485f8c-8435-448b-934d-f6d787796f66" testListId="8c84fa94-04c1-424b-9868-57a2d4851a1d" />
    <TestEntry testId="920c832c-8530-0750-7c85-1fe9c16f1ddb" executionId="62ef794f-d4ff-4cce-b0b7-8206d80f2e37" testListId="8c84fa94-04c1-424b-9868-57a2d4851a1d" />
    <TestEntry testId="2a131d84-6067-c26e-07a0-e59cbc4734e9" executionId="c90fcf6c-c9d0-437d-bccd-36ee963b2048" testListId="8c84fa94-04c1-424b-9868-57a2d4851a1d" />
  </TestEntries>
  <TestLists>
    <TestList name="Results Not in a List" id="8c84fa94-04c1-424b-9868-57a2d4851a1d" />
    <TestList name="All Loaded Results" id="19431567-8539-422a-85d7-44ee4e166bda" />
  </TestLists>
  <ResultSummary outcome="Completed">
    <Counters total="27" executed="27" passed="27" failed="0" error="0" timeout="0" aborted="0" inconclusive="0" passedButRunAborted="0" notRunnable="0" notExecuted="0" disconnected="0" warning="0" completed="0" inProgress="0" pending="0" />
    <Output>
      <StdOut>[xUnit.net 00:00:00.00] xUnit.net VSTest Adapter v3.1.4+50e68bbb8b (64-bit .NET 10.0.8)
[xUnit.net 00:00:00.16]   Discovering: TinadecTools.Tests
[xUnit.net 00:00:00.29]   Discovered:  TinadecTools.Tests
[xUnit.net 00:00:00.34]   Starting:    TinadecTools.Tests
[xUnit.net 00:00:10.55]   Finished:    TinadecTools.Tests
</StdOut>
    </Output>
  </ResultSummary>
</TestRun>